 cssmatch

 Timestamp is 48761760 (Thu Jul 10 16:06:24 2008)

 Preferred load address is 10000000

 Start         Length     Name                   Class
 0001:00000000 00062956H .text                   CODE
 0001:00062960 00004ccdH .text$x                 CODE
 0001:00067630 0000094eH .text$yc                CODE
 0001:00067f80 00000332H .text$yd                CODE
 0002:00000000 00000198H .idata$5                DATA
 0002:00000198 00000004H .CRT$XCA                DATA
 0002:0000019c 0000000cH .CRT$XCC                DATA
 0002:000001a8 000000c0H .CRT$XCU                DATA
 0002:00000268 00000004H .CRT$XCZ                DATA
 0002:0000026c 00000004H .CRT$XIA                DATA
 0002:00000270 00000014H .CRT$XIC                DATA
 0002:00000284 00000004H .CRT$XID                DATA
 0002:00000288 00000004H .CRT$XIY                DATA
 0002:0000028c 00000004H .CRT$XIZ                DATA
 0002:00000290 00000004H .CRT$XPA                DATA
 0002:00000294 00000004H .CRT$XPX                DATA
 0002:00000298 00000004H .CRT$XPXA               DATA
 0002:0000029c 00000004H .CRT$XPZ                DATA
 0002:000002a0 00000004H .CRT$XTA                DATA
 0002:000002a4 00000004H .CRT$XTB                DATA
 0002:000002a8 00000004H .CRT$XTZ                DATA
 0002:000002b0 0000ed18H .rdata                  DATA
 0002:0000efc8 00000075H .rdata$debug            DATA
 0002:0000f040 00001218H .rdata$r                DATA
 0002:00010260 00000500H .rdata$sxdata           DATA
 0002:00010760 00000004H .rtc$IAA                DATA
 0002:00010764 00000004H .rtc$IZZ                DATA
 0002:00010768 00000004H .rtc$TAA                DATA
 0002:0001076c 00000004H .rtc$TZZ                DATA
 0002:00010770 00006b04H .xdata$x                DATA
 0002:00017274 0000003cH .idata$2                DATA
 0002:000172b0 00000014H .idata$3                DATA
 0002:000172c4 00000198H .idata$4                DATA
 0002:0001745c 00000746H .idata$6                DATA
 0002:00017bb0 0000004fH .edata                  DATA
 0003:00000000 0000235bH .data                   DATA
 0003:00002360 0000c5b0H .bss                    DATA

  Address         Publics by Value              Rva+Base       Lib:Object

 0000:00000000       __except_list              00000000     <absolute>
 0000:00000140       ___safe_se_handler_count   00000140     <absolute>
 0000:00000000       ___ImageBase               10000000     <linker-defined>
 0001:00000000       ?strrchr@@YAPADPADH@Z      10001000 f i memoverride.obj
 0001:00000010       ?MakeModuleFileName@@YAPBDXZ 10001010 f   memoverride.obj
 0001:000001e0       _malloc                    100011e0 f   memoverride.obj
 0001:000001f0       _free                      100011f0 f   memoverride.obj
 0001:00000210       _realloc                   10001210 f   memoverride.obj
 0001:00000230       _calloc                    10001230 f   memoverride.obj
 0001:00000260       __malloc_base              10001260 f   memoverride.obj
 0001:00000270       __free_base                10001270 f   memoverride.obj
 0001:00000290       __realloc_base             10001290 f   memoverride.obj
 0001:000002b0       __realloc_crt              100012b0 f   memoverride.obj
 0001:000002d0       __recalloc_crt             100012d0 f   memoverride.obj
 0001:00000300       __recalloc                 10001300 f   memoverride.obj
 0001:00000330       __malloc_crt               10001330 f   memoverride.obj
 0001:00000340       __calloc_crt               10001340 f   memoverride.obj
 0001:00000370       __heapchk                  10001370 f   memoverride.obj
 0001:00000380       __heapmin                  10001380 f   memoverride.obj
 0001:00000390       __msize                    10001390 f   memoverride.obj
 0001:000003b0       _msize                     100013b0 f   memoverride.obj
 0001:000003d0       __heap_alloc               100013d0 f   memoverride.obj
 0001:000003e0       __nh_malloc                100013e0 f   memoverride.obj
 0001:000003f0       __expand                   100013f0 f   memoverride.obj
 0001:00000400       __get_sbh_threshold        10001400 f   memoverride.obj
 0001:00000410       __set_sbh_threshold        10001410 f   memoverride.obj
 0001:00000420       __heapadd                  10001420 f   memoverride.obj
 0001:00000430       __heapset                  10001430 f   memoverride.obj
 0001:00000440       __heapused                 10001440 f   memoverride.obj
 0001:00000450       __heapwalk                 10001450 f   memoverride.obj
 0001:00000460       _malloc_db                 10001460 f   memoverride.obj
 0001:00000480       _free_db                   10001480 f   memoverride.obj
 0001:000004a0       _realloc_db                100014a0 f   memoverride.obj
 0001:000004d0       __heap_init                100014d0 f   memoverride.obj
 0001:000004e0       __heap_term                100014e0 f   memoverride.obj
 0001:000004f0       ??2@YAPAXI@Z               100014f0 f   memoverride.obj
 0001:00000500       ??2@YAPAXIHPBDH@Z          10001500 f   memoverride.obj
 0001:00000520       ??3@YAXPAX@Z               10001520 f   memoverride.obj
 0001:00000540       ??_U@YAPAXI@Z              10001540 f   memoverride.obj
 0001:00000550       ??_U@YAPAXIHPBDH@Z         10001550 f   memoverride.obj
 0001:00000570       ??_V@YAXPAX@Z              10001570 f   memoverride.obj
 0001:00000590       ??0CAttibCRT@@QAE@H@Z      10001590 f i memoverride.obj
 0001:000005c0       ??1CAttibCRT@@QAE@XZ       100015c0 f i memoverride.obj
 0001:000005e0       __nh_malloc_dbg            100015e0 f   memoverride.obj
 0001:00000640       __malloc_dbg               10001640 f   memoverride.obj
 0001:000006a0       __calloc_dbg               100016a0 f   memoverride.obj
 0001:00000710       __realloc_dbg              10001710 f   memoverride.obj
 0001:00000770       __expand_dbg               10001770 f   memoverride.obj
 0001:00000780       __free_dbg                 10001780 f   memoverride.obj
 0001:000007d0       __msize_dbg                100017d0 f   memoverride.obj
 0001:000007f0       __aligned_malloc_base      100017f0 f   memoverride.obj
 0001:00000800       __aligned_realloc_base     10001800 f   memoverride.obj
 0001:00000820       __aligned_free_base        10001820 f   memoverride.obj
 0001:00000840       __aligned_malloc           10001840 f   memoverride.obj
 0001:00000850       __aligned_free             10001850 f   memoverride.obj
 0001:00000870       __aligned_realloc          10001870 f   memoverride.obj
 0001:00000890       __aligned_offset_malloc    10001890 f   memoverride.obj
 0001:000008a0       __aligned_offset_realloc   100018a0 f   memoverride.obj
 0001:000008c0       __CrtDumpMemoryLeaks       100018c0 f   memoverride.obj
 0001:000008d0       __CrtSetDumpClient         100018d0 f   memoverride.obj
 0001:000008e0       __CrtSetDbgFlag            100018e0 f   memoverride.obj
 0001:00000900       ___p__crtDbgFlag           10001900 f   memoverride.obj
 0001:00000910       ___p__crtBreakAlloc        10001910 f   memoverride.obj
 0001:00000920       __CrtSetDbgBlockType       10001920 f   memoverride.obj
 0001:00000930       __CrtSetAllocHook          10001930 f   memoverride.obj
 0001:00000940       __CrtSetBreakAlloc         10001940 f   memoverride.obj
 0001:00000960       __CrtIsValidHeapPointer    10001960 f   memoverride.obj
 0001:00000980       __CrtIsValidPointer        10001980 f   memoverride.obj
 0001:000009a0       __CrtCheckMemory           100019a0 f   memoverride.obj
 0001:000009b0       __CrtIsMemoryBlock         100019b0 f   memoverride.obj
 0001:000009c0       __CrtMemDifference         100019c0 f   memoverride.obj
 0001:000009d0       __CrtMemDumpStatistics     100019d0 f   memoverride.obj
 0001:000009e0       __CrtMemCheckpoint         100019e0 f   memoverride.obj
 0001:00000a00       __CrtMemDumpAllObjectsSince 10001a00 f   memoverride.obj
 0001:00000a10       __CrtDoForAllClientObjects 10001a10 f   memoverride.obj
 0001:00000a20       __CrtSetReportMode         10001a20 f   memoverride.obj
 0001:00000a40       __CrtSetReportFile         10001a40 f   memoverride.obj
 0001:00000a60       __CrtSetReportHook         10001a60 f   memoverride.obj
 0001:00000a80       __CrtDbgReport             10001a80 f   memoverride.obj
 0001:00000ad0       __CrtSetCheckCount         10001ad0 f   memoverride.obj
 0001:00000ae0       __CrtGetCheckCount         10001ae0 f   memoverride.obj
 0001:00000af0       __aligned_offset_recalloc_dbg 10001af0 f   memoverride.obj
 0001:00000b20       __aligned_recalloc         10001b20 f   memoverride.obj
 0001:00000b50       __aligned_recalloc_dbg     10001b50 f   memoverride.obj
 0001:00000b80       __aligned_offset_recalloc  10001b80 f   memoverride.obj
 0001:00000bb0       __recalloc_dbg             10001bb0 f   memoverride.obj
 0001:00000bc0       __CrtGetReportHook         10001bc0 f   memoverride.obj
 0001:00000bd0       __CrtDbgReportW            10001bd0 f   memoverride.obj
 0001:00000be0       __CrtReportBlockType       10001be0 f   memoverride.obj
 0001:00000bf0       __heap_alloc_base          10001bf0 f   memoverride.obj
 0001:00000c00       __heap_alloc_dbg           10001c00 f   memoverride.obj
 0001:00000c10       __free_nolock              10001c10 f   memoverride.obj
 0001:00000c30       __free_dbg_nolock          10001c30 f   memoverride.obj
 0001:00000c50       __CrtGetAllocHook          10001c50 f   memoverride.obj
 0001:00000c60       __CrtGetDumpClient         10001c60 f   memoverride.obj
 0001:00000c70       __aligned_malloc_dbg       10001c70 f   memoverride.obj
 0001:00000c80       __aligned_realloc_dbg      10001c80 f   memoverride.obj
 0001:00000ca0       __aligned_offset_malloc_dbg 10001ca0 f   memoverride.obj
 0001:00000cb0       __aligned_offset_malloc_base 10001cb0 f   memoverride.obj
 0001:00000cc0       __aligned_offset_realloc_dbg 10001cc0 f   memoverride.obj
 0001:00000ce0       __aligned_free_dbg         10001ce0 f   memoverride.obj
 0001:00000d00       __CrtSetDebugFillThreshold 10001d00 f   memoverride.obj
 0001:00000d10       __strdup                   10001d10 f   memoverride.obj
 0001:00000d20       __wcsdup_dbg               10001d20 f   memoverride.obj
 0001:00000d30       __wcsdup                   10001d30 f   memoverride.obj
 0001:00000d40       ??0IConCommandBaseAccessor@@QAE@XZ 10001d40 f i serverplugin_convar.obj
 0001:00000d50       ?InitCVars@@YAXP6APAXPBDPAH@Z@Z 10001d50 f   serverplugin_convar.obj
 0001:00000d80       ??0CPluginConVarAccessor@@QAE@XZ 10001d80 f i serverplugin_convar.obj
 0001:00000d90       ?RegisterConCommandBase@CPluginConVarAccessor@@UAE_NPAVConCommandBase@@@Z 10001d90 f i serverplugin_convar.obj
 0001:00000dc0       ?assign@?$char_traits@D@std@@SAXAADABD@Z 10001dc0 f i API.obj
 0001:00000dd0       ?compare@?$char_traits@D@std@@SAHPBD0I@Z 10001dd0 f i API.obj
 0001:00000e60       ?length@?$char_traits@D@std@@SAIPBD@Z 10001e60 f i API.obj
 0001:00000e80       ?_Copy_s@?$char_traits@D@std@@SAPADPADIPBDI@Z 10001e80 f i API.obj
 0001:00000eb0       ?find@?$char_traits@D@std@@SAPBDPBDIABD@Z 10001eb0 f i API.obj
 0001:00000ed0       ?_Move_s@?$char_traits@D@std@@SAPADPADIPBDI@Z 10001ed0 f i API.obj
 0001:00000f00       ?to_int_type@?$char_traits@D@std@@SAHABD@Z 10001f00 f i API.obj
 0001:00000f10       ?eq_int_type@?$char_traits@D@std@@SA_NABH0@Z 10001f10 f i API.obj
 0001:00000f30       ?eof@?$char_traits@D@std@@SAHXZ 10001f30 f i API.obj
 0001:00000f40       ??0_Iterator_base@std@@QAE@XZ 10001f40 f i API.obj
 0001:00000f50       ??0bad_alloc@std@@QAE@PBD@Z 10001f50 f i API.obj
 0001:00000f70       ??1bad_alloc@std@@UAE@XZ   10001f70 f i API.obj
 0001:00000f80       ??_Ebad_alloc@std@@UAEPAXI@Z 10001f80 f i API.obj
 0001:00000f80       ??_Gbad_alloc@std@@UAEPAXI@Z 10001f80 f i API.obj
 0001:00000fb0       ?_Getctype@_Locinfo@std@@QBE?AU_Ctypevec@@XZ 10001fb0 f i API.obj
 0001:00000fe0       ?_Getcvt@_Locinfo@std@@QBE?AU_Cvtvec@@XZ 10001fe0 f i API.obj
 0001:00001000       ??0id@locale@std@@QAE@I@Z  10002000 f i API.obj
 0001:00001010       ??Bid@locale@std@@QAEIXZ   10002010 f i API.obj
 0001:00001050       ?_Incref@facet@locale@std@@QAEXXZ 10002050 f i API.obj
 0001:00001080       ?_Decref@facet@locale@std@@QAEPAV123@XZ 10002080 f i API.obj
 0001:000010c0       ?_Register@facet@locale@std@@QAEXXZ 100020c0 f i API.obj
 0001:000010d0       ??1facet@locale@std@@UAE@XZ 100020d0 f i API.obj
 0001:000010e0       ??0facet@locale@std@@IAE@I@Z 100020e0 f i API.obj
 0001:00001100       ??0locale@std@@QAE@XZ      10002100 f i API.obj
 0001:00001140       ??0locale@std@@QAE@ABV01@@Z 10002140 f i API.obj
 0001:00001180       ??1locale@std@@QAE@XZ      10002180 f i API.obj
 0001:000011d0       ?_Getfacet@locale@std@@QBEPBVfacet@12@I@Z 100021d0 f i API.obj
 0001:00001210       ??_Efacet@locale@std@@UAEPAXI@Z 10002210 f i API.obj
 0001:00001210       ??_Gfacet@locale@std@@UAEPAXI@Z 10002210 f i API.obj
 0001:00001230       ??0ctype_base@std@@QAE@I@Z 10002230 f i API.obj
 0001:00001250       ??1ctype_base@std@@UAE@XZ  10002250 f i API.obj
 0001:00001260       ??_Gctype_base@std@@UAEPAXI@Z 10002260 f i API.obj
 0001:00001260       ??_Ectype_base@std@@UAEPAXI@Z 10002260 f i API.obj
 0001:00001280       ?widen@?$ctype@D@std@@QBEDD@Z 10002280 f i API.obj
 0001:00001290       ?_Init@?$ctype@D@std@@IAEXABV_Locinfo@2@@Z 10002290 f i API.obj
 0001:000012d0       ?_Tidy@?$ctype@D@std@@IAEXXZ 100022d0 f i API.obj
 0001:00001300       ?rdstate@ios_base@std@@QBEHXZ 10002300 f i API.obj
 0001:00001310       ?good@ios_base@std@@QBE_NXZ 10002310 f i API.obj
 0001:00001320       ?fail@ios_base@std@@QBE_NXZ 10002320 f i API.obj
 0001:00001330       ?flags@ios_base@std@@QBEHXZ 10002330 f i API.obj
 0001:00001340       ?width@ios_base@std@@QBEHXZ 10002340 f i API.obj
 0001:00001350       ?width@ios_base@std@@QAEHH@Z 10002350 f i API.obj
 0001:00001360       ?getloc@ios_base@std@@QBE?AVlocale@2@XZ 10002360 f i API.obj
 0001:000013a0       ??1ios_base@std@@UAE@XZ    100023a0 f i API.obj
 0001:000013b0       ??0ios_base@std@@IAE@XZ    100023b0 f i API.obj
 0001:000013c0       ??_Eios_base@std@@UAEPAXI@Z 100023c0 f i API.obj
 0001:000013c0       ??_Gios_base@std@@UAEPAXI@Z 100023c0 f i API.obj
 0001:000013f0       ??0Vector2D@@QAE@MM@Z      100023f0 f i API.obj
 0001:00001410       ??_H@YGXPAXIHP6EPAX0@Z@Z   10002410 f i API.obj
 0001:00001450       ?GetIServerEntity@CBaseEdict@@QAEPAVIServerEntity@@XZ 10002450 f i API.obj
 0001:00001460       ?IsFree@CBaseEdict@@QBE_NXZ 10002460 f i API.obj
 0001:00001470       ?GetUnknown@CBaseEdict@@QAEPAVIServerUnknown@@XZ 10002470 f i API.obj
 0001:00001480       ?NetworkStateChanged@NetworkVar_m_iHealth@CBaseEntity@@SAXPAX@Z 10002480 f i API.obj
 0001:000014a0       ?isValidePEntity@Api@@SA_NPAUedict_t@@@Z 100024a0 f   API.obj
 0001:000014c0       ?isValidePlayer@Api@@SA_NPAVIPlayerInfo@@@Z 100024c0 f   API.obj
 0001:00001500       ?isValideIndex@Api@@SA_NH@Z 10002500 f   API.obj
 0001:00001520       ?size@?$basic_string@DU?$char_traits@D@std@@V?$allocator@D@2@@std@@QBEIXZ 10002520 f i API.obj
 0001:00001530       ??1?$basic_ostream@DU?$char_traits@D@std@@@std@@UAE@XZ 10002530 f i API.obj
 0001:00001540       ??1?$basic_ios@DU?$char_traits@D@std@@@std@@UAE@XZ 10002540 f i API.obj
 0001:00001550       ?rdbuf@?$basic_ios@DU?$char_traits@D@std@@@std@@QBEPAV?$basic_streambuf@DU?$char_traits@D@std@@@2@XZ 10002550 f i API.obj
 0001:00001560       ??_Glocale@std@@QAEPAXI@Z  10002560 f i API.obj
 0001:000015d0       ??_D?$basic_ostream@DU?$char_traits@D@std@@@std@@QAEXXZ 100025d0 f i API.obj
 0001:000015f0       ?_Myptr@?$basic_string@DU?$char_traits@D@std@@V?$allocator@D@2@@std@@IAEPADXZ 100025f0 f i API.obj
 0001:00001600       ?_Myptr@?$basic_string@DU?$char_traits@D@std@@V?$allocator@D@2@@std@@IBEPBDXZ 10002600 f i API.obj
 0001:00001610       ??0?$allocator@D@std@@QAE@XZ 10002610 f i API.obj
 0001:00001620       ??0?$allocator@D@std@@QAE@ABV01@@Z 10002620 f i API.obj
 0001:00001630       ?deallocate@?$allocator@D@std@@QAEXPADI@Z 10002630 f i API.obj
 0001:00001640       ?fill@?$basic_ios@DU?$char_traits@D@std@@@std@@QBEDXZ 10002640 f i API.obj
 0001:00001650       ??0?$basic_ios@DU?$char_traits@D@std@@@std@@IAE@XZ 10002650 f i API.obj
 0001:00001660       ??_E?$basic_ios@DU?$char_traits@D@std@@@std@@UAEPAXI@Z 10002660 f i API.obj
 0001:00001660       ??_G?$basic_ios@DU?$char_traits@D@std@@@std@@UAEPAXI@Z 10002660 f i API.obj
 0001:00001690       ?pubsync@?$basic_streambuf@DU?$char_traits@D@std@@@std@@QAEHXZ 10002690 f i API.obj
 0001:000016a0       ?_Unlock@?$basic_streambuf@DU?$char_traits@D@std@@@std@@QAEXXZ 100026a0 f i API.obj
 0001:000016b0       ?eback@?$basic_streambuf@DU?$char_traits@D@std@@@std@@IBEPADXZ 100026b0 f i API.obj
 0001:000016c0       ?gptr@?$basic_streambuf@DU?$char_traits@D@std@@@std@@IBEPADXZ 100026c0 f i API.obj
 0001:000016d0       ?pbase@?$basic_streambuf@DU?$char_traits@D@std@@@std@@IBEPADXZ 100026d0 f i API.obj
 0001:000016e0       ?pptr@?$basic_streambuf@DU?$char_traits@D@std@@@std@@IBEPADXZ 100026e0 f i API.obj
 0001:000016f0       ?egptr@?$basic_streambuf@DU?$char_traits@D@std@@@std@@IBEPADXZ 100026f0 f i API.obj
 0001:00001700       ?setg@?$basic_streambuf@DU?$char_traits@D@std@@@std@@IAEXPAD00@Z 10002700 f i API.obj
 0001:00001720       ?epptr@?$basic_streambuf@DU?$char_traits@D@std@@@std@@IBEPADXZ 10002720 f i API.obj
 0001:00001730       ?setp@?$basic_streambuf@DU?$char_traits@D@std@@@std@@IAEXPAD0@Z 10002730 f i API.obj
 0001:00001750       ?setp@?$basic_streambuf@DU?$char_traits@D@std@@@std@@IAEXPAD00@Z 10002750 f i API.obj
 0001:00001770       ?_Pninc@?$basic_streambuf@DU?$char_traits@D@std@@@std@@IAEPADXZ 10002770 f i API.obj
 0001:00001790       ?_Pnavail@?$basic_streambuf@DU?$char_traits@D@std@@@std@@IBEHXZ 10002790 f i API.obj
 0001:000017b0       ?_Tidy@?$basic_stringbuf@DU?$char_traits@D@std@@V?$allocator@D@2@@std@@IAEXXZ 100027b0 f i API.obj
 0001:00001810       ??D?$_String_const_iterator@DU?$char_traits@D@std@@V?$allocator@D@2@@std@@QBEABDXZ 10002810 f i API.obj
 0001:00001850       ??8?$_String_const_iterator@DU?$char_traits@D@std@@V?$allocator@D@2@@std@@QBE_NABV01@@Z 10002850 f i API.obj
 0001:00001880       ??Bsentry@?$basic_ostream@DU?$char_traits@D@std@@@std@@QBE_NXZ 10002880 f i API.obj
 0001:00001890       ?put@?$num_put@DV?$ostreambuf_iterator@DU?$char_traits@D@std@@@std@@@std@@QBE?AV?$ostreambuf_iterator@DU?$char_traits@D@std@@@2@V32@AAVios_base@2@DJ@Z 10002890 f i API.obj
 0001:000018d0       ?failed@?$ostreambuf_iterator@DU?$char_traits@D@std@@@std@@QBE_NXZ 100028d0 f i API.obj
 0001:000018e0       ??0?$_Iterator_with_base@Uoutput_iterator_tag@std@@XXXXU_Iterator_base@2@@std@@QAE@XZ 100028e0 f i API.obj
 0001:000018f0       ?_Eos@?$basic_string@DU?$char_traits@D@std@@V?$allocator@D@2@@std@@IAEXI@Z 100028f0 f i API.obj
 0001:00001910       ?tie@?$basic_ios@DU?$char_traits@D@std@@@std@@QBEPAV?$basic_ostream@DU?$char_traits@D@std@@@2@XZ 10002910 f i API.obj
 0001:00001920       ?_Lock@?$basic_streambuf@DU?$char_traits@D@std@@@std@@QAEXXZ 10002920 f i API.obj
 0001:00001930       ?_Getstate@?$basic_stringbuf@DU?$char_traits@D@std@@V?$allocator@D@2@@std@@AAEHH@Z 10002930 f i API.obj
 0001:00001960       ??E?$_String_const_iterator@DU?$char_traits@D@std@@V?$allocator@D@2@@std@@QAEAAV01@XZ 10002960 f i API.obj
 0001:000019a0       ??0_Sentry_base@?$basic_ostream@DU?$char_traits@D@std@@@std@@QAE@AAV12@@Z 100029a0 f i API.obj
 0001:000019d0       ??1_Sentry_base@?$basic_ostream@DU?$char_traits@D@std@@@std@@QAE@XZ 100029d0 f i API.obj
 0001:000019f0       ??0?$_Ranit_base@DHPBDABDU_Iterator_base@std@@@std@@QAE@XZ 100029f0 f i API.obj
 0001:00001a00       ?_Inside@?$basic_string@DU?$char_traits@D@std@@V?$allocator@D@2@@std@@IAE_NPBD@Z 10002a00 f i API.obj
 0001:00001a40       ?_Init@?$basic_streambuf@DU?$char_traits@D@std@@@std@@IAEXXZ 10002a40 f i API.obj
 0001:00001aa0       ?max_size@?$allocator@D@std@@QBEIXZ 10002aa0 f i API.obj
 0001:00001ab0       ??$_Allocate@D@std@@YAPADIPAD@Z 10002ab0 f i API.obj
 0001:00001b10       ??0bad_alloc@std@@QAE@ABV01@@Z 10002b10 f i API.obj
 0001:00001b30       ?sputn@?$basic_streambuf@DU?$char_traits@D@std@@@std@@QAEHPBDH@Z 10002b30 f i API.obj
 0001:00001b40       ?NetworkStateChanged@?$CNetworkVarBase@HVNetworkVar_m_iHealth@CBaseEntity@@@@IAEXXZ 10002b40 f i API.obj
 0001:00001b60       ?_Init@?$num_put@DV?$ostreambuf_iterator@DU?$char_traits@D@std@@@std@@@std@@IAEXABV_Locinfo@2@@Z 10002b60 f i API.obj
 0001:00001b80       ??$_Char_traits_cat@U?$char_traits@D@std@@@std@@YA?AU_Secure_char_traits_tag@0@XZ 10002b80 f i API.obj
 0001:00001b90       ??$copy_s@U?$char_traits@D@std@@@_Traits_helper@std@@YAPADPADIPBDIU_Secure_char_traits_tag@1@@Z 10002b90 f i API.obj
 0001:00001bc0       ??$move_s@U?$char_traits@D@std@@@_Traits_helper@std@@YAPADPADIPBDIU_Secure_char_traits_tag@1@@Z 10002bc0 f i API.obj
 0001:00001bf0       ??A?$basic_string@DU?$char_traits@D@std@@V?$allocator@D@2@@std@@QAEAADI@Z 10002bf0 f i API.obj
 0001:00001c20       ??A?$basic_string@DU?$char_traits@D@std@@V?$allocator@D@2@@std@@QBEABDI@Z 10002c20 f i API.obj
 0001:00001c50       ?c_str@?$basic_string@DU?$char_traits@D@std@@V?$allocator@D@2@@std@@QBEPBDXZ 10002c50 f i API.obj
 0001:00001c60       ??1?$basic_streambuf@DU?$char_traits@D@std@@@std@@UAE@XZ 10002c60 f i API.obj
 0001:00001ce0       ?to_char_type@?$char_traits@D@std@@SADABH@Z 10002ce0 f i API.obj
 0001:00001cf0       ?overflow@?$basic_streambuf@DU?$char_traits@D@std@@@std@@MAEHH@Z 10002cf0 f i API.obj
 0001:00001d00       ?pbackfail@?$basic_streambuf@DU?$char_traits@D@std@@@std@@MAEHH@Z 10002d00 f i API.obj
 0001:00001d10       ?showmanyc@?$basic_streambuf@DU?$char_traits@D@std@@@std@@MAEHXZ 10002d10 f i API.obj
 0001:00001d20       ?underflow@?$basic_streambuf@DU?$char_traits@D@std@@@std@@MAEHXZ 10002d20 f i API.obj
 0001:00001d30       ?xsgetn@?$basic_streambuf@DU?$char_traits@D@std@@@std@@MAEHPADH@Z 10002d30 f i API.obj
 0001:00001d50       ?setbuf@?$basic_streambuf@DU?$char_traits@D@std@@@std@@MAEPAV12@PADH@Z 10002d50 f i API.obj
 0001:00001d60       ?sync@?$basic_streambuf@DU?$char_traits@D@std@@@std@@MAEHXZ 10002d60 f i API.obj
 0001:00001d70       ?imbue@?$basic_streambuf@DU?$char_traits@D@std@@@std@@MAEXABVlocale@2@@Z 10002d70 f i API.obj
 0001:00001d80       ?gbump@?$basic_streambuf@DU?$char_traits@D@std@@@std@@IAEXH@Z 10002d80 f i API.obj
 0001:00001da0       ?_Gninc@?$basic_streambuf@DU?$char_traits@D@std@@@std@@IAEPADXZ 10002da0 f i API.obj
 0001:00001dc0       ?_Gnavail@?$basic_streambuf@DU?$char_traits@D@std@@@std@@IBEHXZ 10002dc0 f i API.obj
 0001:00001de0       ?pbump@?$basic_streambuf@DU?$char_traits@D@std@@@std@@IAEXH@Z 10002de0 f i API.obj
 0001:00001e00       ??0?$fpos@H@std@@QAE@J@Z   10002e00 f i API.obj
 0001:00001e20       ?uflow@?$basic_streambuf@DU?$char_traits@D@std@@@std@@MAEHXZ 10002e20 f i API.obj
 0001:00001e50       ?seekoff@?$basic_streambuf@DU?$char_traits@D@std@@@std@@MAE?AV?$fpos@H@2@JHH@Z 10002e50 f i API.obj
 0001:00001e70       ?seekpos@?$basic_streambuf@DU?$char_traits@D@std@@@std@@MAE?AV?$fpos@H@2@V32@H@Z 10002e70 f i API.obj
 0001:00001e90       ??1?$basic_stringbuf@DU?$char_traits@D@std@@V?$allocator@D@2@@std@@UAE@XZ 10002e90 f i API.obj
 0001:00001eb0       ?eq@?$char_traits@D@std@@SA_NABD0@Z 10002eb0 f i API.obj
 0001:00001ed0       ?not_eof@?$char_traits@D@std@@SAHABH@Z 10002ed0 f i API.obj
 0001:00001ef0       ??B?$fpos@H@std@@QBEJXZ    10002ef0 f i API.obj
 0001:00001f00       ?pbackfail@?$basic_stringbuf@DU?$char_traits@D@std@@V?$allocator@D@2@@std@@MAEHH@Z 10002f00 f i API.obj
 0001:00001f50       ?underflow@?$basic_stringbuf@DU?$char_traits@D@std@@V?$allocator@D@2@@std@@MAEHXZ 10002f50 f i API.obj
 0001:00001fc0       ?seekoff@?$basic_stringbuf@DU?$char_traits@D@std@@V?$allocator@D@2@@std@@MAE?AV?$fpos@H@2@JHH@Z 10002fc0 f i API.obj
 0001:00002120       ?seekpos@?$basic_stringbuf@DU?$char_traits@D@std@@V?$allocator@D@2@@std@@MAE?AV?$fpos@H@2@V32@H@Z 10003120 f i API.obj
 0001:000021f0       ??D?$_String_iterator@DU?$char_traits@D@std@@V?$allocator@D@2@@std@@QBEAADXZ 100031f0 f i API.obj
 0001:00002230       ??9?$_String_const_iterator@DU?$char_traits@D@std@@V?$allocator@D@2@@std@@QBE_NABV01@@Z 10003230 f i API.obj
 0001:00002260       ??_E?$basic_ostream@DU?$char_traits@D@std@@@std@@UAEPAXI@Z 10003260 f i API.obj
 0001:00002260       ??_G?$basic_ostream@DU?$char_traits@D@std@@@std@@UAEPAXI@Z 10003260 f i API.obj
 0001:000022a0       ??_E?$basic_streambuf@DU?$char_traits@D@std@@@std@@UAEPAXI@Z 100032a0 f i API.obj
 0001:000022a0       ??_G?$basic_streambuf@DU?$char_traits@D@std@@@std@@UAEPAXI@Z 100032a0 f i API.obj
 0001:000022c0       ??_E?$basic_stringbuf@DU?$char_traits@D@std@@V?$allocator@D@2@@std@@UAEPAXI@Z 100032c0 f i API.obj
 0001:000022c0       ??_G?$basic_stringbuf@DU?$char_traits@D@std@@V?$allocator@D@2@@std@@UAEPAXI@Z 100032c0 f i API.obj
 0001:000022f0       ?find_first_of@?$basic_string@DU?$char_traits@D@std@@V?$allocator@D@2@@std@@QBEIPBDII@Z 100032f0 f i API.obj
 0001:00002380       ?compare@?$basic_string@DU?$char_traits@D@std@@V?$allocator@D@2@@std@@QBEHIIPBDI@Z 10003380 f i API.obj
 0001:000023f0       ??0?$_String_val@DV?$allocator@D@std@@@std@@IAE@V?$allocator@D@1@@Z 100033f0 f i API.obj
 0001:00002400       ?allocate@?$allocator@D@std@@QAEPADI@Z 10003400 f i API.obj
 0001:00002420       ?sputc@?$basic_streambuf@DU?$char_traits@D@std@@@std@@QAEHD@Z 10003420 f i API.obj
 0001:00002460       ??E?$_String_iterator@DU?$char_traits@D@std@@V?$allocator@D@2@@std@@QAEAAV01@XZ 10003460 f i API.obj
 0001:000024a0       ??0?$_Outit_with_base@U_Iterator_base@std@@@std@@QAE@XZ 100034a0 f i API.obj
 0001:000024b0       ??0?$basic_streambuf@DU?$char_traits@D@std@@@std@@IAE@XZ 100034b0 f i API.obj
 0001:00002560       ??0?$_String_const_iterator@DU?$char_traits@D@std@@V?$allocator@D@2@@std@@QAE@PBDPBU_Container_base@1@@Z 10003560 f i API.obj
 0001:000025c0       ?max_size@?$basic_string@DU?$char_traits@D@std@@V?$allocator@D@2@@std@@QBEIXZ 100035c0 f i API.obj
 0001:000025d0       ??$copy_s@U?$char_traits@D@std@@@_Traits_helper@std@@YAPADPADIPBDI@Z 100035d0 f i API.obj
 0001:00002600       ??$move_s@U?$char_traits@D@std@@@_Traits_helper@std@@YAPADPADIPBDI@Z 10003600 f i API.obj
 0001:00002630       ?Set@?$CNetworkVarBase@HVNetworkVar_m_iHealth@CBaseEntity@@@@QAEABHABH@Z 10003630 f i API.obj
 0001:000026e0       ?serveurExecute@Api@@SAXABV?$basic_string@DU?$char_traits@D@std@@V?$allocator@D@2@@std@@@Z 100036e0 f   API.obj
 0001:00002720       ?find_first_of@?$basic_string@DU?$char_traits@D@std@@V?$allocator@D@2@@std@@QBEIPBDI@Z 10003720 f i API.obj
 0001:00002750       ?compare@?$basic_string@DU?$char_traits@D@std@@V?$allocator@D@2@@std@@QBEHABV12@@Z 10003750 f i API.obj
 0001:00002790       ?compare@?$basic_string@DU?$char_traits@D@std@@V?$allocator@D@2@@std@@QBEHPBD@Z 10003790 f i API.obj
 0001:000027c0       ?_Xsgetn_s@?$basic_streambuf@DU?$char_traits@D@std@@@std@@MAEHPADIH@Z 100037c0 f i API.obj
 0001:00002860       ?xsputn@?$basic_streambuf@DU?$char_traits@D@std@@@std@@MAEHPBDH@Z 10003860 f i API.obj
 0001:00002900       ??1?$basic_ostringstream@DU?$char_traits@D@std@@V?$allocator@D@2@@std@@UAE@XZ 10003900 f i API.obj
 0001:00002980       ?overflow@?$basic_stringbuf@DU?$char_traits@D@std@@V?$allocator@D@2@@std@@MAEHH@Z 10003980 f i API.obj
 0001:00002b30       ??E?$_String_iterator@DU?$char_traits@D@std@@V?$allocator@D@2@@std@@QAE?AV01@H@Z 10003b30 f i API.obj
 0001:00002b80       ?_Tidy@?$basic_string@DU?$char_traits@D@std@@V?$allocator@D@2@@std@@IAEX_NI@Z 10003b80 f i API.obj
 0001:00002bd0       ??0?$_String_iterator@DU?$char_traits@D@std@@V?$allocator@D@2@@std@@QAE@PADPBU_Container_base@1@@Z 10003bd0 f i API.obj
 0001:00002bf0       ??0?$ostreambuf_iterator@DU?$char_traits@D@std@@@std@@QAE@PAV?$basic_streambuf@DU?$char_traits@D@std@@@1@@Z 10003bf0 f i API.obj
 0001:00002c10       ?erase@?$basic_string@DU?$char_traits@D@std@@V?$allocator@D@2@@std@@QAEAAV12@II@Z 10003c10 f i API.obj
 0001:00002ca0       ?_Init@?$basic_stringbuf@DU?$char_traits@D@std@@V?$allocator@D@2@@std@@IAEXPBDIH@Z 10003ca0 f i API.obj
 0001:00002d50       ?_Copy@?$basic_string@DU?$char_traits@D@std@@V?$allocator@D@2@@std@@IAEXII@Z 10003d50 f i API.obj
 0001:00002ea0       ??$?4H@?$CNetworkVarBase@HVNetworkVar_m_iHealth@CBaseEntity@@@@QAEABHABH@Z 10003ea0 f i API.obj
 0001:00002eb0       ??$?8DU?$char_traits@D@std@@V?$allocator@D@1@@std@@YA_NABV?$basic_string@DU?$char_traits@D@std@@V?$allocator@D@2@@0@0@Z 10003eb0 f i API.obj
 0001:00002ee0       ??$?8DU?$char_traits@D@std@@V?$allocator@D@1@@std@@YA_NABV?$basic_string@DU?$char_traits@D@std@@V?$allocator@D@2@@0@PBD@Z 10003ee0 f i API.obj
 0001:00002f20       ?SetHealth@CBaseEntity@@QAEXH@Z 10003f20 f i API.obj
 0001:00002f40       ??_D?$basic_ostringstream@DU?$char_traits@D@std@@V?$allocator@D@2@@std@@QAEXXZ 10003f40 f i API.obj
 0001:00002f60       ??0?$basic_string@DU?$char_traits@D@std@@V?$allocator@D@2@@std@@QAE@XZ 10003f60 f i API.obj
 0001:00002f80       ??1?$basic_string@DU?$char_traits@D@std@@V?$allocator@D@2@@std@@QAE@XZ 10003f80 f i API.obj
 0001:00002fb0       ?begin@?$basic_string@DU?$char_traits@D@std@@V?$allocator@D@2@@std@@QAE?AV?$_String_iterator@DU?$char_traits@D@std@@V?$allocator@D@2@@2@XZ 10003fb0 f i API.obj
 0001:00002ff0       ?end@?$basic_string@DU?$char_traits@D@std@@V?$allocator@D@2@@std@@QAE?AV?$_String_iterator@DU?$char_traits@D@std@@V?$allocator@D@2@@2@XZ 10003ff0 f i API.obj
 0001:00003020       ??_G?$basic_ostringstream@DU?$char_traits@D@std@@V?$allocator@D@2@@std@@UAEPAXI@Z 10004020 f i API.obj
 0001:00003020       ??_E?$basic_ostringstream@DU?$char_traits@D@std@@V?$allocator@D@2@@std@@UAEPAXI@Z 10004020 f i API.obj
 0001:00003060       ??0?$basic_stringbuf@DU?$char_traits@D@std@@V?$allocator@D@2@@std@@QAE@H@Z 10004060 f i API.obj
 0001:000030e0       ?_Grow@?$basic_string@DU?$char_traits@D@std@@V?$allocator@D@2@@std@@IAE_NI_N@Z 100040e0 f i API.obj
 0001:000031a0       ?append@?$basic_string@DU?$char_traits@D@std@@V?$allocator@D@2@@std@@QAEAAV12@ABV12@II@Z 100041a0 f i API.obj
 0001:000032a0       ?append@?$basic_string@DU?$char_traits@D@std@@V?$allocator@D@2@@std@@QAEAAV12@ABV12@@Z 100042a0 f i API.obj
 0001:000032c0       ??1runtime_error@std@@UAE@XZ 100042c0 f i API.obj
 0001:00003300       ?what@runtime_error@std@@UBEPBDXZ 10004300 f i API.obj
 0001:00003310       ??_Gruntime_error@std@@UAEPAXI@Z 10004310 f i API.obj
 0001:00003310       ??_Eruntime_error@std@@UAEPAXI@Z 10004310 f i API.obj
 0001:00003360       ??1_Locinfo@std@@QAE@XZ    10004360 f i API.obj
 0001:00003440       ?valideNomDeFichier@Api@@SAXAAV?$basic_string@DU?$char_traits@D@std@@V?$allocator@D@2@@std@@@Z 10004440 f   API.obj
 0001:000036d0       ?assign@?$basic_string@DU?$char_traits@D@std@@V?$allocator@D@2@@std@@QAEAAV12@ABV12@II@Z 100046d0 f i API.obj
 0001:000037b0       ?assign@?$basic_string@DU?$char_traits@D@std@@V?$allocator@D@2@@std@@QAEAAV12@PBDI@Z 100047b0 f i API.obj
 0001:00003880       ?append@?$basic_string@DU?$char_traits@D@std@@V?$allocator@D@2@@std@@QAEAAV12@PBDI@Z 10004880 f i API.obj
 0001:00003970       ??Y?$basic_string@DU?$char_traits@D@std@@V?$allocator@D@2@@std@@QAEAAV01@ABV01@@Z 10004970 f i API.obj
 0001:00003990       ?append@?$basic_string@DU?$char_traits@D@std@@V?$allocator@D@2@@std@@QAEAAV12@PBD@Z 10004990 f i API.obj
 0001:000039c0       ??0?$basic_string@DU?$char_traits@D@std@@V?$allocator@D@2@@std@@QAE@ABV01@@Z 100049c0 f i API.obj
 0001:000039f0       ??0?$basic_string@DU?$char_traits@D@std@@V?$allocator@D@2@@std@@QAE@ABV01@II@Z 100049f0 f i API.obj
 0001:00003a20       ?assign@?$basic_string@DU?$char_traits@D@std@@V?$allocator@D@2@@std@@QAEAAV12@ABV12@@Z 10004a20 f i API.obj
 0001:00003a40       ?assign@?$basic_string@DU?$char_traits@D@std@@V?$allocator@D@2@@std@@QAEAAV12@PBD@Z 10004a40 f i API.obj
 0001:00003a70       ??0?$basic_string@DU?$char_traits@D@std@@V?$allocator@D@2@@std@@QAE@PBDI@Z 10004a70 f i API.obj
 0001:00003aa0       ??Y?$basic_string@DU?$char_traits@D@std@@V?$allocator@D@2@@std@@QAEAAV01@PBD@Z 10004aa0 f i API.obj
 0001:00003ad0       ??0runtime_error@std@@QAE@ABV?$basic_string@DU?$char_traits@D@std@@V?$allocator@D@2@@1@@Z 10004ad0 f i API.obj
 0001:00003b40       ??0failure@ios_base@std@@QAE@ABV?$basic_string@DU?$char_traits@D@std@@V?$allocator@D@2@@2@@Z 10004b40 f i API.obj
 0001:00003b60       ??1failure@ios_base@std@@UAE@XZ 10004b60 f i API.obj
 0001:00003ba0       ??_Efailure@ios_base@std@@UAEPAXI@Z 10004ba0 f i API.obj
 0001:00003ba0       ??_Gfailure@ios_base@std@@UAEPAXI@Z 10004ba0 f i API.obj
 0001:00003bf0       ??0?$basic_string@DU?$char_traits@D@std@@V?$allocator@D@2@@std@@QAE@PBD@Z 10004bf0 f i API.obj
 0001:00003c30       ??4?$basic_string@DU?$char_traits@D@std@@V?$allocator@D@2@@std@@QAEAAV01@ABV01@@Z 10004c30 f i API.obj
 0001:00003c50       ?substr@?$basic_string@DU?$char_traits@D@std@@V?$allocator@D@2@@std@@QBE?AV12@II@Z 10004c50 f i API.obj
 0001:00003c90       ?str@?$basic_stringbuf@DU?$char_traits@D@std@@V?$allocator@D@2@@std@@QBE?AV?$basic_string@DU?$char_traits@D@std@@V?$allocator@D@2@@2@XZ 10004c90 f i API.obj
 0001:00003de0       ??$?HDU?$char_traits@D@std@@V?$allocator@D@1@@std@@YA?AV?$basic_string@DU?$char_traits@D@std@@V?$allocator@D@2@@0@PBDABV10@@Z 10004de0 f i API.obj
 0001:00003ea0       ??$?HDU?$char_traits@D@std@@V?$allocator@D@1@@std@@YA?AV?$basic_string@DU?$char_traits@D@std@@V?$allocator@D@2@@0@ABV10@PBD@Z 10004ea0 f i API.obj
 0001:00003f60       ??0_Locinfo@std@@QAE@PBD@Z 10004f60 f i API.obj
 0001:00004030       ??0runtime_error@std@@QAE@ABV01@@Z 10005030 f i API.obj
 0001:000040b0       ??0?$ctype@D@std@@QAE@PBF_NI@Z 100050b0 f i API.obj
 0001:000041b0       ?do_tolower@?$ctype@D@std@@MBEDD@Z 100051b0 f i API.obj
 0001:000041d0       ?do_tolower@?$ctype@D@std@@MBEPBDPADPBD@Z 100051d0 f i API.obj
 0001:00004200       ?do_toupper@?$ctype@D@std@@MBEDD@Z 10005200 f i API.obj
 0001:00004220       ?do_toupper@?$ctype@D@std@@MBEPBDPADPBD@Z 10005220 f i API.obj
 0001:00004250       ?do_widen@?$ctype@D@std@@MBEDD@Z 10005250 f i API.obj
 0001:00004260       ?do_widen@?$ctype@D@std@@MBEPBDPBD0PAD@Z 10005260 f i API.obj
 0001:00004290       ?_Do_widen_s@?$ctype@D@std@@MBEPBDPBD0PADI@Z 10005290 f i API.obj
 0001:000042d0       ?do_narrow@?$ctype@D@std@@MBEDDD@Z 100052d0 f i API.obj
 0001:000042e0       ?do_narrow@?$ctype@D@std@@MBEPBDPBD0DPAD@Z 100052e0 f i API.obj
 0001:00004310       ?_Do_narrow_s@?$ctype@D@std@@MBEPBDPBD0DPADI@Z 10005310 f i API.obj
 0001:00004350       ??1?$ctype@D@std@@MAE@XZ   10005350 f i API.obj
 0001:00004390       ??_G?$ctype@D@std@@MAEPAXI@Z 10005390 f i API.obj
 0001:00004390       ??_E?$ctype@D@std@@MAEPAXI@Z 10005390 f i API.obj
 0001:000043e0       ?_Getcat@?$ctype@D@std@@SAIPAPBVfacet@locale@2@@Z 100053e0 f i API.obj
 0001:00004460       ?clear@ios_base@std@@QAEXH_N@Z 10005460 f i API.obj
 0001:00004590       ??0failure@ios_base@std@@QAE@ABV012@@Z 10005590 f i API.obj
 0001:000045b0       ?clear@ios_base@std@@QAEXH@Z 100055b0 f i API.obj
 0001:000045c0       ?_Init@ios_base@std@@IAEXXZ 100055c0 f i API.obj
 0001:00004640       ??0CSSMatchApiException@@QAE@ABV?$basic_string@DU?$char_traits@D@std@@V?$allocator@D@2@@std@@@Z 10005640 f i API.obj
 0001:000046b0       ?what@CSSMatchApiException@@UBEPBDXZ 100056b0 f i API.obj
 0001:000046c0       ??1CSSMatchApiException@@UAE@XZ 100056c0 f i API.obj
 0001:00004700       ??_ECSSMatchApiException@@UAEPAXI@Z 10005700 f i API.obj
 0001:00004700       ??_GCSSMatchApiException@@UAEPAXI@Z 10005700 f i API.obj
 0001:00004750       ?configExecute@Api@@SAXABV?$basic_string@DU?$char_traits@D@std@@V?$allocator@D@2@@std@@@Z 10005750 f   API.obj
 0001:00004850       ?getIPlayerInfoFromEntity@Api@@SAPAVIPlayerInfo@@PAUedict_t@@@Z 10005850 f   API.obj
 0001:00004980       ??0CSSMatchApiException@@QAE@ABV0@@Z 10005980 f i API.obj
 0001:00004a00       ?getPEntityFromIndex@Api@@SAPAUedict_t@@H@Z 10005a00 f   API.obj
 0001:00004aa0       ?getUseridFromUsername@Api@@SAHABV?$basic_string@DU?$char_traits@D@std@@V?$allocator@D@2@@std@@@Z 10005aa0 f   API.obj
 0001:00004c00       ?getIndexFromUsername@Api@@SAHABV?$basic_string@DU?$char_traits@D@std@@V?$allocator@D@2@@std@@@Z 10005c00 f   API.obj
 0001:00004d60       ?getPEntityTeam@Api@@SA?AW4CodeTeam@@PAUedict_t@@@Z 10005d60 f   API.obj
 0001:00004e20       ?getIServerEntityFromEdict@Api@@SAPAVIServerEntity@@PAUedict_t@@@Z 10005e20 f   API.obj
 0001:00004f20       ?getCBasePlayerFromEntity@Api@@SAPAVCBasePlayer@@PAUedict_t@@@Z 10005f20 f   API.obj
 0001:00005020       ?getPlayerCount@Api@@SAHW4CodeTeam@@@Z 10006020 f   API.obj
 0001:00005100       ?getPlayerName@Api@@SA?AV?$basic_string@DU?$char_traits@D@std@@V?$allocator@D@2@@std@@PAUedict_t@@@Z 10006100 f   API.obj
 0001:00005240       ?getPlayerSteamID@Api@@SA?AV?$basic_string@DU?$char_traits@D@std@@V?$allocator@D@2@@std@@PAUedict_t@@@Z 10006240 f   API.obj
 0001:00005360       ?cexec@Api@@SAXPAUedict_t@@ABV?$basic_string@DU?$char_traits@D@std@@V?$allocator@D@2@@std@@@Z 10006360 f   API.obj
 0001:000053a0       ?cexecGroupe@Api@@SAXW4CodeTeam@@ABV?$basic_string@DU?$char_traits@D@std@@V?$allocator@D@2@@std@@@Z 100063a0 f   API.obj
 0001:00005520       ?sexec@Api@@SAXPAUedict_t@@ABV?$basic_string@DU?$char_traits@D@std@@V?$allocator@D@2@@std@@@Z 10006520 f   API.obj
 0001:00005570       ?sexecGroupe@Api@@SAXW4CodeTeam@@ABV?$basic_string@DU?$char_traits@D@std@@V?$allocator@D@2@@std@@@Z 10006570 f   API.obj
 0001:000056e0       ?estNulleOuCommentee@Api@@SA_NABV?$basic_string@DU?$char_traits@D@std@@V?$allocator@D@2@@std@@@Z 100066e0 f   API.obj
 0001:00005820       ?extraitChaineFormelle@Api@@SA?BV?$basic_string@DU?$char_traits@D@std@@V?$allocator@D@2@@std@@ABV23@@Z 10006820 f   API.obj
 0001:00005a50       ?debug@Api@@SAXABV?$basic_string@DU?$char_traits@D@std@@V?$allocator@D@2@@std@@@Z 10006a50 f   API.obj
 0001:00005b40       ?timerCexecT@@YAXABV?$basic_string@DU?$char_traits@D@std@@V?$allocator@D@2@@std@@@Z 10006b40 f   API.obj
 0001:00005b50       ?timerCexecCT@@YAXABV?$basic_string@DU?$char_traits@D@std@@V?$allocator@D@2@@std@@@Z 10006b50 f   API.obj
 0001:00005b60       ?str@?$basic_ostringstream@DU?$char_traits@D@std@@V?$allocator@D@2@@std@@QBE?AV?$basic_string@DU?$char_traits@D@std@@V?$allocator@D@2@@2@XZ 10006b60 f i API.obj
 0001:00005b80       ?clear@?$basic_ios@DU?$char_traits@D@std@@@std@@QAEXH_N@Z 10006b80 f i API.obj
 0001:00005ba0       ??$use_facet@V?$ctype@D@std@@@std@@YAABV?$ctype@D@0@ABVlocale@0@@Z 10006ba0 f i API.obj
 0001:00005cd0       ??$getInterface@VIPlayerInfoManager@@@Api@@CA_NP6APAXPBDPAH@ZAAPAVIPlayerInfoManager@@ABV?$basic_string@DU?$char_traits@D@std@@V?$allocator@D@2@@std@@@Z 10006cd0 f i API.obj
 0001:00005dd0       ??$getInterface@VIVEngineServer@@@Api@@CA_NP6APAXPBDPAH@ZAAPAVIVEngineServer@@ABV?$basic_string@DU?$char_traits@D@std@@V?$allocator@D@2@@std@@@Z 10006dd0 f i API.obj
 0001:00005ed0       ??$getInterface@VIGameEventManager2@@@Api@@CA_NP6APAXPBDPAH@ZAAPAVIGameEventManager2@@ABV?$basic_string@DU?$char_traits@D@std@@V?$allocator@D@2@@std@@@Z 10006ed0 f i API.obj
 0001:00005fd0       ??$getInterface@VIFileSystem@@@Api@@CA_NP6APAXPBDPAH@ZAAPAVIFileSystem@@ABV?$basic_string@DU?$char_traits@D@std@@V?$allocator@D@2@@std@@@Z 10006fd0 f i API.obj
 0001:000060d0       ??$getInterface@VIServerPluginHelpers@@@Api@@CA_NP6APAXPBDPAH@ZAAPAVIServerPluginHelpers@@ABV?$basic_string@DU?$char_traits@D@std@@V?$allocator@D@2@@std@@@Z 100070d0 f i API.obj
 0001:000061d0       ??$getInterface@VICvar@@@Api@@CA_NP6APAXPBDPAH@ZAAPAVICvar@@ABV?$basic_string@DU?$char_traits@D@std@@V?$allocator@D@2@@std@@@Z 100071d0 f i API.obj
 0001:000062d0       ??$getInterface@VIServerGameDLL@@@Api@@CA_NP6APAXPBDPAH@ZAAPAVIServerGameDLL@@ABV?$basic_string@DU?$char_traits@D@std@@V?$allocator@D@2@@std@@@Z 100072d0 f i API.obj
 0001:000063d0       ??0?$num_put@DV?$ostreambuf_iterator@DU?$char_traits@D@std@@@std@@@std@@QAE@I@Z 100073d0 f i API.obj
 0001:00006470       ?assign@?$char_traits@D@std@@SAPADPADID@Z 10007470 f i API.obj
 0001:00006490       ?_Getlconv@_Locinfo@std@@QBEPBUlconv@@XZ 10007490 f i API.obj
 0001:000064a0       ?_Getfalse@_Locinfo@std@@QBEPBDXZ 100074a0 f i API.obj
 0001:000064b0       ?_Gettrue@_Locinfo@std@@QBEPBDXZ 100074b0 f i API.obj
 0001:000064c0       ?precision@ios_base@std@@QBEHXZ 100074c0 f i API.obj
 0001:000064d0       ??1?$num_put@DV?$ostreambuf_iterator@DU?$char_traits@D@std@@@std@@@std@@MAE@XZ 100074d0 f i API.obj
 0001:000064e0       ??_E?$num_put@DV?$ostreambuf_iterator@DU?$char_traits@D@std@@@std@@@std@@MAEPAXI@Z 100074e0 f i API.obj
 0001:000064e0       ??_G?$num_put@DV?$ostreambuf_iterator@DU?$char_traits@D@std@@@std@@@std@@MAEPAXI@Z 100074e0 f i API.obj
 0001:00006500       ?_Ffmt@?$num_put@DV?$ostreambuf_iterator@DU?$char_traits@D@std@@@std@@@std@@ABAPADPADDH@Z 10007500 f i API.obj
 0001:00006570       ?_Ifmt@?$num_put@DV?$ostreambuf_iterator@DU?$char_traits@D@std@@@std@@@std@@ABAPADPADPBDH@Z 10007570 f i API.obj
 0001:00006610       ??D?$ostreambuf_iterator@DU?$char_traits@D@std@@@std@@QAEAAV01@XZ 10007610 f i API.obj
 0001:00006620       ??E?$ostreambuf_iterator@DU?$char_traits@D@std@@@std@@QAEAAV01@XZ 10007620 f i API.obj
 0001:00006630       ?decimal_point@?$numpunct@D@std@@QBEDXZ 10007630 f i API.obj
 0001:00006640       ?thousands_sep@?$numpunct@D@std@@QBEDXZ 10007640 f i API.obj
 0001:00006650       ?_Tidy@?$numpunct@D@std@@AAEXXZ 10007650 f i API.obj
 0001:00006680       ?_Chassign@?$basic_string@DU?$char_traits@D@std@@V?$allocator@D@2@@std@@IAEXIID@Z 10007680 f i API.obj
 0001:000066e0       ??$_Maklocchr@D@std@@YADDPADABU_Cvtvec@@@Z 100076e0 f i API.obj
 0001:000066f0       ??$_Maklocstr@D@std@@YAPADPBDPADABU_Cvtvec@@@Z 100076f0 f i API.obj
 0001:00006740       ??4?$ostreambuf_iterator@DU?$char_traits@D@std@@@std@@QAEAAV01@D@Z 10007740 f i API.obj
 0001:00006790       ?_Init@?$numpunct@D@std@@IAEXABV_Locinfo@2@@Z 10007790 f i API.obj
 0001:00006870       ?_Put@?$num_put@DV?$ostreambuf_iterator@DU?$char_traits@D@std@@@std@@@std@@ABA?AV?$ostreambuf_iterator@DU?$char_traits@D@std@@@2@V32@PBDI@Z 10007870 f i API.obj
 0001:000068f0       ?_Rep@?$num_put@DV?$ostreambuf_iterator@DU?$char_traits@D@std@@@std@@@std@@ABA?AV?$ostreambuf_iterator@DU?$char_traits@D@std@@@2@V32@DI@Z 100078f0 f i API.obj
 0001:00006970       ?_Putc@?$num_put@DV?$ostreambuf_iterator@DU?$char_traits@D@std@@@std@@@std@@ABA?AV?$ostreambuf_iterator@DU?$char_traits@D@std@@@2@V32@PBDI@Z 10007970 f i API.obj
 0001:000069f0       ?_Putgrouped@?$num_put@DV?$ostreambuf_iterator@DU?$char_traits@D@std@@@std@@@std@@ABA?AV?$ostreambuf_iterator@DU?$char_traits@D@std@@@2@V32@PBDID@Z 100079f0 f i API.obj
 0001:00006ac0       ?falsename@?$numpunct@D@std@@QBE?AV?$basic_string@DU?$char_traits@D@std@@V?$allocator@D@2@@2@XZ 10007ac0 f i API.obj
 0001:00006ae0       ?truename@?$numpunct@D@std@@QBE?AV?$basic_string@DU?$char_traits@D@std@@V?$allocator@D@2@@2@XZ 10007ae0 f i API.obj
 0001:00006b00       ?append@?$basic_string@DU?$char_traits@D@std@@V?$allocator@D@2@@std@@QAEAAV12@ID@Z 10007b00 f i API.obj
 0001:00006bb0       ?insert@?$basic_string@DU?$char_traits@D@std@@V?$allocator@D@2@@std@@QAEAAV12@IID@Z 10007bb0 f i API.obj
 0001:00006cb0       ?grouping@?$numpunct@D@std@@QBE?AV?$basic_string@DU?$char_traits@D@std@@V?$allocator@D@2@@2@XZ 10007cb0 f i API.obj
 0001:00006cd0       ??0?$numpunct@D@std@@QAE@I@Z 10007cd0 f i API.obj
 0001:00006d90       ?do_decimal_point@?$numpunct@D@std@@MBEDXZ 10007d90 f i API.obj
 0001:00006da0       ?do_thousands_sep@?$numpunct@D@std@@MBEDXZ 10007da0 f i API.obj
 0001:00006db0       ??1?$numpunct@D@std@@MAE@XZ 10007db0 f i API.obj
 0001:00006de0       ??_E?$numpunct@D@std@@MAEPAXI@Z 10007de0 f i API.obj
 0001:00006de0       ??_G?$numpunct@D@std@@MAEPAXI@Z 10007de0 f i API.obj
 0001:00006e30       ?do_grouping@?$numpunct@D@std@@MBE?AV?$basic_string@DU?$char_traits@D@std@@V?$allocator@D@2@@2@XZ 10007e30 f i API.obj
 0001:00006e80       ?do_falsename@?$numpunct@D@std@@MBE?AV?$basic_string@DU?$char_traits@D@std@@V?$allocator@D@2@@2@XZ 10007e80 f i API.obj
 0001:00006ed0       ?do_truename@?$numpunct@D@std@@MBE?AV?$basic_string@DU?$char_traits@D@std@@V?$allocator@D@2@@2@XZ 10007ed0 f i API.obj
 0001:00006f20       ?initialisation@Api@@SA_NP6APAXPBDPAH@Z2@Z 10007f20 f   API.obj
 0001:00007310       ?hltvPresente@Api@@SA_NXZ  10008310 f   API.obj
 0001:000073d0       ?getPEntityFromID@Api@@SAPAUedict_t@@H@Z 100083d0 f   API.obj
 0001:000074a0       ?setstate@?$basic_ios@DU?$char_traits@D@std@@@std@@QAEXH_N@Z 100084a0 f i API.obj
 0001:000074d0       ?widen@?$basic_ios@DU?$char_traits@D@std@@@std@@QBEDD@Z 100084d0 f i API.obj
 0001:00007590       ?_Getcat@?$num_put@DV?$ostreambuf_iterator@DU?$char_traits@D@std@@@std@@@std@@SAIPAPBVfacet@locale@2@@Z 10008590 f i API.obj
 0001:00007600       ?_Getcat@?$numpunct@D@std@@SAIPAPBVfacet@locale@2@@Z 10008600 f i API.obj
 0001:00007670       ?flush@?$basic_ostream@DU?$char_traits@D@std@@@std@@QAEAAV12@XZ 10008670 f i API.obj
 0001:000076c0       ??0sentry@?$basic_ostream@DU?$char_traits@D@std@@@std@@QAE@AAV12@@Z 100086c0 f i API.obj
 0001:00007750       ?_Osfx@?$basic_ostream@DU?$char_traits@D@std@@@std@@QAEXXZ 10008750 f i API.obj
 0001:000077b0       ?init@?$basic_ios@DU?$char_traits@D@std@@@std@@IAEXPAV?$basic_streambuf@DU?$char_traits@D@std@@@2@_N@Z 100087b0 f i API.obj
 0001:00007810       ??$use_facet@V?$num_put@DV?$ostreambuf_iterator@DU?$char_traits@D@std@@@std@@@std@@@std@@YAABV?$num_put@DV?$ostreambuf_iterator@DU?$char_traits@D@std@@@std@@@0@ABVlocale@0@@Z 10008810 f i API.obj
 0001:00007940       ??$use_facet@V?$numpunct@D@std@@@std@@YAABV?$numpunct@D@0@ABVlocale@0@@Z 10008940 f i API.obj
 0001:00007a70       ??0?$basic_ostream@DU?$char_traits@D@std@@@std@@QAE@PAV?$basic_streambuf@DU?$char_traits@D@std@@@1@_N@Z 10008a70 f i API.obj
 0001:00007b00       ??1sentry@?$basic_ostream@DU?$char_traits@D@std@@@std@@QAE@XZ 10008b00 f i API.obj
 0001:00007b70       ?do_put@?$num_put@DV?$ostreambuf_iterator@DU?$char_traits@D@std@@@std@@@std@@MBE?AV?$ostreambuf_iterator@DU?$char_traits@D@std@@@2@V32@AAVios_base@2@D_N@Z 10008b70 f i API.obj
 0001:00007dc0       ?_Fput@?$num_put@DV?$ostreambuf_iterator@DU?$char_traits@D@std@@@std@@@std@@ABA?AV?$ostreambuf_iterator@DU?$char_traits@D@std@@@2@V32@AAVios_base@2@DPBDIIII@Z 10008dc0 f i API.obj
 0001:000084d0       ?_Iput@?$num_put@DV?$ostreambuf_iterator@DU?$char_traits@D@std@@@std@@@std@@ABA?AV?$ostreambuf_iterator@DU?$char_traits@D@std@@@2@V32@AAVios_base@2@DPADI@Z 100094d0 f i API.obj
 0001:00008830       ??$?6U?$char_traits@D@std@@@std@@YAAAV?$basic_ostream@DU?$char_traits@D@std@@@0@AAV10@PBD@Z 10009830 f i API.obj
 0001:00008a40       ??$?6DU?$char_traits@D@std@@V?$allocator@D@1@@std@@YAAAV?$basic_ostream@DU?$char_traits@D@std@@@0@AAV10@ABV?$basic_string@DU?$char_traits@D@std@@V?$allocator@D@2@@0@@Z 10009a40 f i API.obj
 0001:00008cc0       ??6?$basic_ostream@DU?$char_traits@D@std@@@std@@QAEAAV01@H@Z 10009cc0 f i API.obj
 0001:00008e10       ??0?$basic_ostringstream@DU?$char_traits@D@std@@V?$allocator@D@2@@std@@QAE@H@Z 10009e10 f i API.obj
 0001:00008ef0       ?do_put@?$num_put@DV?$ostreambuf_iterator@DU?$char_traits@D@std@@@std@@@std@@MBE?AV?$ostreambuf_iterator@DU?$char_traits@D@std@@@2@V32@AAVios_base@2@DJ@Z 10009ef0 f i API.obj
 0001:00008f90       ?do_put@?$num_put@DV?$ostreambuf_iterator@DU?$char_traits@D@std@@@std@@@std@@MBE?AV?$ostreambuf_iterator@DU?$char_traits@D@std@@@2@V32@AAVios_base@2@DK@Z 10009f90 f i API.obj
 0001:00009030       ?do_put@?$num_put@DV?$ostreambuf_iterator@DU?$char_traits@D@std@@@std@@@std@@MBE?AV?$ostreambuf_iterator@DU?$char_traits@D@std@@@2@V32@AAVios_base@2@D_J@Z 1000a030 f i API.obj
 0001:000090d0       ?do_put@?$num_put@DV?$ostreambuf_iterator@DU?$char_traits@D@std@@@std@@@std@@MBE?AV?$ostreambuf_iterator@DU?$char_traits@D@std@@@2@V32@AAVios_base@2@D_K@Z 1000a0d0 f i API.obj
 0001:00009170       ?do_put@?$num_put@DV?$ostreambuf_iterator@DU?$char_traits@D@std@@@std@@@std@@MBE?AV?$ostreambuf_iterator@DU?$char_traits@D@std@@@2@V32@AAVios_base@2@DN@Z 1000a170 f i API.obj
 0001:00009360       ?do_put@?$num_put@DV?$ostreambuf_iterator@DU?$char_traits@D@std@@@std@@@std@@MBE?AV?$ostreambuf_iterator@DU?$char_traits@D@std@@@2@V32@AAVios_base@2@DO@Z 1000a360 f i API.obj
 0001:00009550       ?do_put@?$num_put@DV?$ostreambuf_iterator@DU?$char_traits@D@std@@@std@@@std@@MBE?AV?$ostreambuf_iterator@DU?$char_traits@D@std@@@2@V32@AAVios_base@2@DPBX@Z 1000a550 f i API.obj
 0001:000095d0       ?kickid@Api@@SAXHABV?$basic_string@DU?$char_traits@D@std@@V?$allocator@D@2@@std@@@Z 1000a5d0 f   API.obj
 0001:00009700       ?banid@Api@@SAXHHABV?$basic_string@DU?$char_traits@D@std@@V?$allocator@D@2@@std@@@Z 1000a700 f   API.obj
 0001:000098b0       ?swap@Api@@SAXPAVIPlayerInfo@@@Z 1000a8b0 f   API.obj
 0001:00009a00       ?swapGroupe@Api@@SAXW4CodeTeam@@@Z 1000aa00 f   API.obj
 0001:00009af0       ?spec@Api@@SAXPAVIPlayerInfo@@@Z 1000aaf0 f   API.obj
 0001:00009bf0       ?specGroupe@Api@@SAXW4CodeTeam@@@Z 1000abf0 f   API.obj
 0001:00009ce0       ?reporteException@Api@@SAXABVexception@std@@ABV?$basic_string@DU?$char_traits@D@std@@V?$allocator@D@2@@3@H@Z 1000ace0 f   API.obj
 0001:00009e10       ?timerSwapALL@@YAXABV?$basic_string@DU?$char_traits@D@std@@V?$allocator@D@2@@std@@@Z 1000ae10 f   API.obj
 0001:00009e20       ?getIndexFromUserId@Api@@SAHH@Z 1000ae20 f   API.obj
 0001:00009ed0       ?getUseridFromPEntity@Api@@SAHPAUedict_t@@@Z 1000aed0 f   API.obj
 0001:00009f80       ?getCBaseEntityFromEntity@Api@@SAPAVCBaseEntity@@PAUedict_t@@@Z 1000af80 f   API.obj
 0001:0000a090       ?getCBaseCombatCharacterFromEntity@Api@@SAPAVCBaseCombatCharacter@@PAUedict_t@@@Z 1000b090 f   API.obj
 0001:0000a1a0       ?getCBaseCombatWeaponFromSlot@Api@@SAPAVCBaseCombatWeapon@@PAUedict_t@@W4CodeWeaponSlot@@@Z 1000b1a0 f   API.obj
 0001:0000a2b0       ?setHealth@Api@@SAXPAUedict_t@@H@Z 1000b2b0 f   API.obj
 0001:0000a3c0       ?detruitArme@Api@@SAXPAUedict_t@@W4CodeWeaponSlot@@@Z 1000b3c0 f   API.obj
 0001:0000a430       ??2@YAPAXIPAX@Z            1000b430 f i MRecipientFilter.obj
 0001:0000a440       ?UtlMemory_CalcNewAllocationCount@@YAHHHHH@Z 1000b440 f i MRecipientFilter.obj
 0001:0000a480       ?V_memmove@@YAXPAXPBXH@Z   1000b480 f i MRecipientFilter.obj
 0001:0000a490       ??1IRecipientFilter@@UAE@XZ 1000b490 f i MRecipientFilter.obj
 0001:0000a4a0       ??_EIRecipientFilter@@UAEPAXI@Z 1000b4a0 f i MRecipientFilter.obj
 0001:0000a4a0       ??_GIRecipientFilter@@UAEPAXI@Z 1000b4a0 f i MRecipientFilter.obj
 0001:0000a4c0       ??0IRecipientFilter@@QAE@XZ 1000b4c0 f i MRecipientFilter.obj
 0001:0000a4d0       ?IsInitMessage@MRecipientFilter@@UBE_NXZ 1000b4d0 f   MRecipientFilter.obj
 0001:0000a4e0       ?IsReliable@MRecipientFilter@@UBE_NXZ 1000b4e0 f   MRecipientFilter.obj
 0001:0000a4f0       ?Count@?$CUtlVector@HV?$CUtlMemory@H@@@@QBEHXZ 1000b4f0 f i MRecipientFilter.obj
 0001:0000a500       ?Size@?$CUtlVector@HV?$CUtlMemory@H@@@@QBEHXZ 1000b500 f i MRecipientFilter.obj
 0001:0000a510       ?InvalidIndex@?$CUtlVector@HV?$CUtlMemory@H@@@@SAHXZ 1000b510 f i MRecipientFilter.obj
 0001:0000a520       ?Base@?$CUtlMemory@H@@QBEPBHXZ 1000b520 f i MRecipientFilter.obj
 0001:0000a530       ?Base@?$CUtlMemory@H@@QAEPAHXZ 1000b530 f i MRecipientFilter.obj
 0001:0000a540       ??$Destruct@H@@YAXPAH@Z    1000b540 f i MRecipientFilter.obj
 0001:0000a550       ?ValidateGrowSize@?$CUtlMemory@H@@IAEXXZ 1000b550 f i MRecipientFilter.obj
 0001:0000a560       ??$CopyConstruct@H@@YAXPAHABH@Z 1000b560 f i MRecipientFilter.obj
 0001:0000a580       ?NumAllocated@?$CUtlMemory@H@@QBEHXZ 1000b580 f i MRecipientFilter.obj
 0001:0000a590       ?IsExternallyAllocated@?$CUtlMemory@H@@QBE_NXZ 1000b590 f i MRecipientFilter.obj
 0001:0000a5a0       ?GetRecipientCount@MRecipientFilter@@UBEHXZ 1000b5a0 f   MRecipientFilter.obj
 0001:0000a5b0       ?Base@?$CUtlVector@HV?$CUtlMemory@H@@@@QAEPAHXZ 1000b5b0 f i MRecipientFilter.obj
 0001:0000a5c0       ?Base@?$CUtlVector@HV?$CUtlMemory@H@@@@QBEPBHXZ 1000b5c0 f i MRecipientFilter.obj
 0001:0000a5d0       ?ResetDbgInfo@?$CUtlVector@HV?$CUtlMemory@H@@@@IAEXXZ 1000b5d0 f i MRecipientFilter.obj
 0001:0000a5e0       ??0?$CUtlMemory@H@@QAE@HH@Z 1000b5e0 f i MRecipientFilter.obj
 0001:0000a620       ?Element@?$CUtlVector@HV?$CUtlMemory@H@@@@QBEABHH@Z 1000b620 f i MRecipientFilter.obj
 0001:0000a630       ?Element@?$CUtlVector@HV?$CUtlMemory@H@@@@QAEAAHH@Z 1000b630 f i MRecipientFilter.obj
 0001:0000a640       ?Purge@?$CUtlMemory@H@@QAEXXZ 1000b640 f i MRecipientFilter.obj
 0001:0000a670       ?ShiftElementsRight@?$CUtlVector@HV?$CUtlMemory@H@@@@IAEXHH@Z 1000b670 f i MRecipientFilter.obj
 0001:0000a6b0       ?Grow@?$CUtlMemory@H@@QAEXH@Z 1000b6b0 f i MRecipientFilter.obj
 0001:0000a720       ??A?$CUtlVector@HV?$CUtlMemory@H@@@@QBEABHH@Z 1000b720 f i MRecipientFilter.obj
 0001:0000a730       ?Find@?$CUtlVector@HV?$CUtlMemory@H@@@@QBEHABH@Z 1000b730 f i MRecipientFilter.obj
 0001:0000a760       ?RemoveAll@?$CUtlVector@HV?$CUtlMemory@H@@@@QAEXXZ 1000b760 f i MRecipientFilter.obj
 0001:0000a770       ??1?$CUtlMemory@H@@QAE@XZ  1000b770 f i MRecipientFilter.obj
 0001:0000a7a0       ?Purge@?$CUtlVector@HV?$CUtlMemory@H@@@@QAEXXZ 1000b7a0 f i MRecipientFilter.obj
 0001:0000a7e0       ?GrowVector@?$CUtlVector@HV?$CUtlMemory@H@@@@IAEXH@Z 1000b7e0 f i MRecipientFilter.obj
 0001:0000a810       ?GetRecipientIndex@MRecipientFilter@@UBEHH@Z 1000b810 f   MRecipientFilter.obj
 0001:0000a840       ??0?$CUtlVector@HV?$CUtlMemory@H@@@@QAE@HH@Z 1000b840 f i MRecipientFilter.obj
 0001:0000a880       ??1?$CUtlVector@HV?$CUtlMemory@H@@@@QAE@XZ 1000b880 f i MRecipientFilter.obj
 0001:0000a8e0       ?InsertBefore@?$CUtlVector@HV?$CUtlMemory@H@@@@QAEHHABH@Z 1000b8e0 f i MRecipientFilter.obj
 0001:0000a950       ??0MRecipientFilter@@QAE@XZ 1000b950 f   MRecipientFilter.obj
 0001:0000a970       ??1MRecipientFilter@@UAE@XZ 1000b970 f   MRecipientFilter.obj
 0001:0000a990       ?AddToTail@?$CUtlVector@HV?$CUtlMemory@H@@@@QAEHABH@Z 1000b990 f i MRecipientFilter.obj
 0001:0000a9b0       ??_GMRecipientFilter@@UAEPAXI@Z 1000b9b0 f i MRecipientFilter.obj
 0001:0000a9b0       ??_EMRecipientFilter@@UAEPAXI@Z 1000b9b0 f i MRecipientFilter.obj
 0001:0000a9e0       ?addRecipient@MRecipientFilter@@QAEXH@Z 1000b9e0 f   MRecipientFilter.obj
 0001:0000aa90       ?addAllPlayers@MRecipientFilter@@QAEXXZ 1000ba90 f   MRecipientFilter.obj
 0001:0000aac0       ??3@YAXPAX0@Z              1000bac0 f i Match.obj
 0001:0000ab00       ?ToCStr@string_t@@QBEPBDXZ 1000bb00 f i Match.obj
 0001:0000ab10       ?GetFloat@ConVar@@QBEMXZ   1000bb10 f i Match.obj
 0001:0000ab20       ?GetInt@ConVar@@QBEHXZ     1000bb20 f i Match.obj
 0001:0000ab30       ?GetString@ConVar@@QBEPBDXZ 1000bb30 f i Match.obj
 0001:0000ab50       ?getPhase@Match@@QBE?AW4CodePhase@@XZ 1000bb50 f   Match.obj
 0001:0000ab60       ?setPhase@Match@@QAEXW4CodePhase@@@Z 1000bb60 f   Match.obj
 0001:0000ab70       ?getEnregistrementsTV@Match@@QBEPBV?$vector@VEnregistrementTV@@V?$allocator@VEnregistrementTV@@@std@@@std@@XZ 1000bb70 f   Match.obj
 0001:0000ab80       ?getMancheCourante@Match@@QBEHXZ 1000bb80 f   Match.obj
 0001:0000ab90       ?getRoundCourant@Match@@QBEHXZ 1000bb90 f   Match.obj
 0001:0000aba0       ?setRoundCourant@Match@@QAEXH@Z 1000bba0 f   Match.obj
 0001:0000abb0       ?incRoundCourant@Match@@QAEHXZ 1000bbb0 f   Match.obj
 0001:0000abc0       ?getTagGagnantCutRound@Match@@QBEABV?$basic_string@DU?$char_traits@D@std@@V?$allocator@D@2@@std@@XZ 1000bbc0 f   Match.obj
 0001:0000abd0       ?getTeam1@Match@@QAEPAVTeam@@XZ 1000bbd0 f   Match.obj
 0001:0000abe0       ?getTeam2@Match@@QAEPAVTeam@@XZ 1000bbe0 f   Match.obj
 0001:0000abf0       ?getCutRound@Match@@QBE_NXZ 1000bbf0 f   Match.obj
 0001:0000ac00       ?setCutRound@Match@@QAEX_N@Z 1000bc00 f   Match.obj
 0001:0000ac10       ?getStrats@Match@@QBE_NXZ  1000bc10 f   Match.obj
 0001:0000ac20       ?setStrats@Match@@QAEX_N@Z 1000bc20 f   Match.obj
 0001:0000ac30       ?getDate@Match@@QBEABV?$basic_string@DU?$char_traits@D@std@@V?$allocator@D@2@@std@@XZ 1000bc30 f   Match.obj
 0001:0000ac40       ??1RapportXml@@UAE@XZ      1000bc40 f i Match.obj
 0001:0000ac50       ?size@?$vector@VEnregistrementTV@@V?$allocator@VEnregistrementTV@@@std@@@std@@QBEIXZ 1000bc50 f i Match.obj
 0001:0000ac70       ??A?$vector@VEnregistrementTV@@V?$allocator@VEnregistrementTV@@@std@@@std@@QAEAAVEnregistrementTV@@I@Z 1000bc70 f i Match.obj
 0001:0000aca0       ?capacity@?$vector@VEnregistrementTV@@V?$allocator@VEnregistrementTV@@@std@@@std@@QBEIXZ 1000bca0 f i Match.obj
 0001:0000acc0       ??0?$allocator@VEnregistrementTV@@@std@@QAE@XZ 1000bcc0 f i Match.obj
 0001:0000acd0       ??8?$_Vector_const_iterator@VEnregistrementTV@@V?$allocator@VEnregistrementTV@@@std@@@std@@QBE_NABV01@@Z 1000bcd0 f i Match.obj
 0001:0000ad00       ??0?$allocator@VEnregistrementTV@@@std@@QAE@ABV01@@Z 1000bd00 f i Match.obj
 0001:0000ad10       ?deallocate@?$allocator@VEnregistrementTV@@@std@@QAEXPAVEnregistrementTV@@I@Z 1000bd10 f i Match.obj
 0001:0000ad20       ??D?$_Vector_const_iterator@VEnregistrementTV@@V?$allocator@VEnregistrementTV@@@std@@@std@@QBEABVEnregistrementTV@@XZ 1000bd20 f i Match.obj
 0001:0000ad50       ??E?$_Vector_const_iterator@VEnregistrementTV@@V?$allocator@VEnregistrementTV@@@std@@@std@@QAEAAV01@XZ 1000bd50 f i Match.obj
 0001:0000ad80       ??0?$_Ranit@VEnregistrementTV@@HPBV1@ABV1@@std@@QAE@XZ 1000bd80 f i Match.obj
 0001:0000ad90       ?max_size@?$allocator@VEnregistrementTV@@@std@@QBEIXZ 1000bd90 f i Match.obj
 0001:0000ada0       ??G?$_Vector_const_iterator@VEnregistrementTV@@V?$allocator@VEnregistrementTV@@@std@@@std@@QBEHABV01@@Z 1000bda0 f i Match.obj
 0001:0000add0       ??Y?$_Vector_const_iterator@VEnregistrementTV@@V?$allocator@VEnregistrementTV@@@std@@@std@@QAEAAV01@H@Z 1000bdd0 f i Match.obj
 0001:0000ae10       ??$_Allocate@VEnregistrementTV@@@std@@YAPAVEnregistrementTV@@IPAV1@@Z 1000be10 f i Match.obj
 0001:0000ae70       ??$_Iter_random@PAVEnregistrementTV@@PAV1@@std@@YA?AUrandom_access_iterator_tag@0@ABQAVEnregistrementTV@@0@Z 1000be70 f i Match.obj
 0001:0000ae80       ??$_Ptr_cat@PAVEnregistrementTV@@PAV1@@std@@YA?AU_Nonscalar_ptr_iterator_tag@0@AAPAVEnregistrementTV@@0@Z 1000be80 f i Match.obj
 0001:0000ae90       ??$_Move_cat@PAVEnregistrementTV@@@std@@YA?AU_Undefined_move_tag@0@ABQAVEnregistrementTV@@@Z 1000be90 f i Match.obj
 0001:0000aea0       ??$_Checked_base@PAVEnregistrementTV@@@std@@YAPAVEnregistrementTV@@AAPAV1@U_Unchanged_checked_iterator_base_type_tag@0@@Z 1000bea0 f i Match.obj
 0001:0000aeb0       ?GetBool@ConVar@@QBE_NXZ   1000beb0 f i Match.obj
 0001:0000aec0       ??9?$_Vector_const_iterator@VEnregistrementTV@@V?$allocator@VEnregistrementTV@@@std@@@std@@QBE_NABV01@@Z 1000bec0 f i Match.obj
 0001:0000aef0       ?find@?$basic_string@DU?$char_traits@D@std@@V?$allocator@D@2@@std@@QBEIPBDII@Z 1000bef0 f i Match.obj
 0001:0000afb0       ??0?$_Vector_val@VEnregistrementTV@@V?$allocator@VEnregistrementTV@@@std@@@std@@IAE@V?$allocator@VEnregistrementTV@@@1@@Z 1000bfb0 f i Match.obj
 0001:0000afc0       ??D?$_Vector_iterator@VEnregistrementTV@@V?$allocator@VEnregistrementTV@@@std@@@std@@QBEAAVEnregistrementTV@@XZ 1000bfc0 f i Match.obj
 0001:0000aff0       ??E?$_Vector_iterator@VEnregistrementTV@@V?$allocator@VEnregistrementTV@@@std@@@std@@QAEAAV01@XZ 1000bff0 f i Match.obj
 0001:0000b020       ?max_size@?$vector@VEnregistrementTV@@V?$allocator@VEnregistrementTV@@@std@@@std@@QBEIXZ 1000c020 f i Match.obj
 0001:0000b030       ?allocate@?$allocator@VEnregistrementTV@@@std@@QAEPAVEnregistrementTV@@I@Z 1000c030 f i Match.obj
 0001:0000b050       ??G?$_Vector_iterator@VEnregistrementTV@@V?$allocator@VEnregistrementTV@@@std@@@std@@QBEHABV?$_Vector_const_iterator@VEnregistrementTV@@V?$allocator@VEnregistrementTV@@@std@@@1@@Z 1000c050 f i Match.obj
 0001:0000b080       ??0?$_Vector_const_iterator@VEnregistrementTV@@V?$allocator@VEnregistrementTV@@@std@@@std@@QAE@PAVEnregistrementTV@@PBU_Container_base@1@@Z 1000c080 f i Match.obj
 0001:0000b0c0       ??Y?$_Vector_iterator@VEnregistrementTV@@V?$allocator@VEnregistrementTV@@@std@@@std@@QAEAAV01@H@Z 1000c0c0 f i Match.obj
 0001:0000b100       ??$_Checked_base@PAVEnregistrementTV@@@std@@YAPAVEnregistrementTV@@AAPAV1@@Z 1000c100 f i Match.obj
 0001:0000b110       ?find@?$basic_string@DU?$char_traits@D@std@@V?$allocator@D@2@@std@@QBEIPBDI@Z 1000c110 f i Match.obj
 0001:0000b140       ??C?$_Vector_iterator@VEnregistrementTV@@V?$allocator@VEnregistrementTV@@@std@@@std@@QBEPAVEnregistrementTV@@XZ 1000c140 f i Match.obj
 0001:0000b170       ??E?$_Vector_iterator@VEnregistrementTV@@V?$allocator@VEnregistrementTV@@@std@@@std@@QAE?AV01@H@Z 1000c170 f i Match.obj
 0001:0000b1b0       ??0?$_Vector_iterator@VEnregistrementTV@@V?$allocator@VEnregistrementTV@@@std@@@std@@QAE@PAVEnregistrementTV@@PBU_Container_base@1@@Z 1000c1b0 f i Match.obj
 0001:0000b1f0       ??H?$_Vector_iterator@VEnregistrementTV@@V?$allocator@VEnregistrementTV@@@std@@@std@@QBE?AV01@H@Z 1000c1f0 f i Match.obj
 0001:0000b230       ?begin@?$vector@VEnregistrementTV@@V?$allocator@VEnregistrementTV@@@std@@@std@@QAE?AV?$_Vector_iterator@VEnregistrementTV@@V?$allocator@VEnregistrementTV@@@std@@@2@XZ 1000c230 f i Match.obj
 0001:0000b260       ?end@?$vector@VEnregistrementTV@@V?$allocator@VEnregistrementTV@@@std@@@std@@QAE?AV?$_Vector_iterator@VEnregistrementTV@@V?$allocator@VEnregistrementTV@@@std@@@2@XZ 1000c260 f i Match.obj
 0001:0000b290       ??1logic_error@std@@UAE@XZ 1000c290 f i Match.obj
 0001:0000b2d0       ?what@logic_error@std@@UBEPBDXZ 1000c2d0 f i Match.obj
 0001:0000b2e0       ??_Elogic_error@std@@UAEPAXI@Z 1000c2e0 f i Match.obj
 0001:0000b2e0       ??_Glogic_error@std@@UAEPAXI@Z 1000c2e0 f i Match.obj
 0001:0000b330       ??1Timer@@QAE@XZ           1000c330 f i Match.obj
 0001:0000b360       ??1Team@@QAE@XZ            1000c360 f i Match.obj
 0001:0000b390       ??1EnregistrementTV@@QAE@XZ 1000c390 f i Match.obj
 0001:0000b3c0       ?replace@?$basic_string@DU?$char_traits@D@std@@V?$allocator@D@2@@std@@QAEAAV12@IIABV12@II@Z 1000c3c0 f i Match.obj
 0001:0000b770       ??_GEnregistrementTV@@QAEPAXI@Z 1000c770 f i Match.obj
 0001:0000b7b0       ??$?HDU?$char_traits@D@std@@V?$allocator@D@1@@std@@YA?AV?$basic_string@DU?$char_traits@D@std@@V?$allocator@D@2@@0@ABV10@0@Z 1000c7b0 f i Match.obj
 0001:0000b860       ??$_Destroy@VEnregistrementTV@@@std@@YAXPAVEnregistrementTV@@@Z 1000c860 f i Match.obj
 0001:0000b890       ??0logic_error@std@@QAE@ABV?$basic_string@DU?$char_traits@D@std@@V?$allocator@D@2@@1@@Z 1000c890 f i Match.obj
 0001:0000b900       ??0length_error@std@@QAE@ABV?$basic_string@DU?$char_traits@D@std@@V?$allocator@D@2@@1@@Z 1000c900 f i Match.obj
 0001:0000b920       ??1length_error@std@@UAE@XZ 1000c920 f i Match.obj
 0001:0000b960       ??_Glength_error@std@@UAEPAXI@Z 1000c960 f i Match.obj
 0001:0000b960       ??_Elength_error@std@@UAEPAXI@Z 1000c960 f i Match.obj
 0001:0000b9b0       ??0EnregistrementTV@@QAE@ABV0@@Z 1000c9b0 f i Match.obj
 0001:0000b9e0       ??4?$basic_string@DU?$char_traits@D@std@@V?$allocator@D@2@@std@@QAEAAV01@PBD@Z 1000c9e0 f i Match.obj
 0001:0000ba10       ?_Xlen@?$vector@VEnregistrementTV@@V?$allocator@VEnregistrementTV@@@std@@@std@@KAXXZ 1000ca10 f i Match.obj
 0001:0000ba90       ??0logic_error@std@@QAE@ABV01@@Z 1000ca90 f i Match.obj
 0001:0000bb10       ??0length_error@std@@QAE@ABV01@@Z 1000cb10 f i Match.obj
 0001:0000bb30       ??4EnregistrementTV@@QAEAAV0@ABV0@@Z 1000cb30 f i Match.obj
 0001:0000bb50       ?destroy@?$allocator@VEnregistrementTV@@@std@@QAEXPAVEnregistrementTV@@@Z 1000cb50 f i Match.obj
 0001:0000bb80       ??$_Copy_opt@PAVEnregistrementTV@@PAV1@Uforward_iterator_tag@std@@@std@@YAPAVEnregistrementTV@@PAV1@00Uforward_iterator_tag@0@U_Nonscalar_ptr_iterator_tag@0@U_Range_checked_iterator_tag@0@@Z 1000cb80 f i Match.obj
 0001:0000bbc0       ??$_Construct@VEnregistrementTV@@V1@@std@@YAXPAVEnregistrementTV@@ABV1@@Z 1000cbc0 f i Match.obj
 0001:0000bc30       ??$_Copy_backward_opt@PAVEnregistrementTV@@PAV1@Uforward_iterator_tag@std@@@std@@YAPAVEnregistrementTV@@PAV1@00Uforward_iterator_tag@0@U_Nonscalar_ptr_iterator_tag@0@U_Range_checked_iterator_tag@0@@Z 1000cc30 f i Match.obj
 0001:0000bc70       ??0CSSMatchMatchException@@QAE@ABV?$basic_string@DU?$char_traits@D@std@@V?$allocator@D@2@@std@@@Z 1000cc70 f i Match.obj
 0001:0000bce0       ?what@CSSMatchMatchException@@UBEPBDXZ 1000cce0 f i Match.obj
 0001:0000bcf0       ??1CSSMatchMatchException@@UAE@XZ 1000ccf0 f i Match.obj
 0001:0000bd30       ??_GCSSMatchMatchException@@UAEPAXI@Z 1000cd30 f i Match.obj
 0001:0000bd30       ??_ECSSMatchMatchException@@UAEPAXI@Z 1000cd30 f i Match.obj
 0001:0000bd80       ?timerVerifAllTalk@@YAXABV?$basic_string@DU?$char_traits@D@std@@V?$allocator@D@2@@std@@@Z 1000cd80 f   Match.obj
 0001:0000bec0       ?timerVerifCheats@@YAXABV?$basic_string@DU?$char_traits@D@std@@V?$allocator@D@2@@std@@@Z 1000cec0 f   Match.obj
 0001:0000c000       ??4Team@@QAEAAV0@ABV0@@Z   1000d000 f i Match.obj
 0001:0000c040       ?setTagGagnantCutRound@Match@@QAEXABV?$basic_string@DU?$char_traits@D@std@@V?$allocator@D@2@@std@@@Z 1000d040 f   Match.obj
 0001:0000c060       ?getTeam@Match@@QAEPAVTeam@@W4CodeTeam@@@Z 1000d060 f   Match.obj
 0001:0000c140       ??0CSSMatchMatchException@@QAE@ABV0@@Z 1000d140 f i Match.obj
 0001:0000c1c0       ?finTempsMortFinMatch@Match@@QAEXXZ 1000d1c0 f   Match.obj
 0001:0000c3c0       ?lanceCutRound@Match@@QAEXXZ 1000d3c0 f   Match.obj
 0001:0000c4a0       ?formateHostname@Match@@QAEXXZ 1000d4a0 f   Match.obj
 0001:0000c640       ?restartRound@Match@@QAEXPAUedict_t@@@Z 1000d640 f   Match.obj
 0001:0000c790       ?restartManche@Match@@QAEXPAUedict_t@@@Z 1000d790 f   Match.obj
 0001:0000c920       ?forceGo@Match@@QAEXPAUedict_t@@@Z 1000d920 f   Match.obj
 0001:0000cae0       ?_Buy@?$vector@VEnregistrementTV@@V?$allocator@VEnregistrementTV@@@std@@@std@@IAE_NI@Z 1000dae0 f i Match.obj
 0001:0000cb30       ??$_Copy_opt@PAVEnregistrementTV@@PAV1@@std@@YAPAVEnregistrementTV@@PAV1@00Urandom_access_iterator_tag@0@U_Nonscalar_ptr_iterator_tag@0@U_Range_checked_iterator_tag@0@@Z 1000db30 f i Match.obj
 0001:0000cb80       ??$_Destroy_range@VEnregistrementTV@@V?$allocator@VEnregistrementTV@@@std@@@std@@YAXPAVEnregistrementTV@@0AAV?$allocator@VEnregistrementTV@@@0@U_Nonscalar_ptr_iterator_tag@0@@Z 1000db80 f i Match.obj
 0001:0000cbc0       ??$_Fill@PAVEnregistrementTV@@V1@@std@@YAXPAVEnregistrementTV@@0ABV1@@Z 1000dbc0 f i Match.obj
 0001:0000cbf0       ?construct@?$allocator@VEnregistrementTV@@@std@@QAEXPAVEnregistrementTV@@ABV3@@Z 1000dbf0 f i Match.obj
 0001:0000cc10       ??$_Copy_backward_opt@PAVEnregistrementTV@@PAV1@@std@@YAPAVEnregistrementTV@@PAV1@00Urandom_access_iterator_tag@0@U_Nonscalar_ptr_iterator_tag@0@U_Range_checked_iterator_tag@0@@Z 1000dc10 f i Match.obj
 0001:0000cc60       ??$_Uninit_copy@PAVEnregistrementTV@@PAV1@V?$allocator@VEnregistrementTV@@@std@@@std@@YAPAVEnregistrementTV@@PAV1@00AAV?$allocator@VEnregistrementTV@@@0@U_Nonscalar_ptr_iterator_tag@0@U_Range_checked_iterator_tag@0@@Z 1000dc60 f i Match.obj
 0001:0000cd00       ?timerFinMatch@@YAXABV?$basic_string@DU?$char_traits@D@std@@V?$allocator@D@2@@std@@@Z 1000dd00 f   Match.obj
 0001:0000cd20       ?modifieTag@Match@@QAEXW4CodeTeam@@ABV?$basic_string@DU?$char_traits@D@std@@V?$allocator@D@2@@std@@@Z 1000dd20 f   Match.obj
 0001:0000cd90       ?detecteTags@Match@@QAEX_N@Z 1000dd90 f   Match.obj
 0001:0000cfa0       ??0?$vector@VEnregistrementTV@@V?$allocator@VEnregistrementTV@@@std@@@std@@QAE@XZ 1000dfa0 f i Match.obj
 0001:0000cfb0       ??$unchecked_copy@PAVEnregistrementTV@@PAV1@@stdext@@YAPAVEnregistrementTV@@PAV1@00@Z 1000dfb0 f i Match.obj
 0001:0000d000       ??$_Destroy_range@VEnregistrementTV@@V?$allocator@VEnregistrementTV@@@std@@@std@@YAXPAVEnregistrementTV@@0AAV?$allocator@VEnregistrementTV@@@0@@Z 1000e000 f i Match.obj
 0001:0000d020       ??$fill@PAVEnregistrementTV@@V1@@std@@YAXPAVEnregistrementTV@@0ABV1@@Z 1000e020 f i Match.obj
 0001:0000d030       ??$_Uninit_fill_n@PAVEnregistrementTV@@IV1@V?$allocator@VEnregistrementTV@@@std@@@std@@YAXPAVEnregistrementTV@@IABV1@AAV?$allocator@VEnregistrementTV@@@0@U_Nonscalar_ptr_iterator_tag@0@U_Range_checked_iterator_tag@0@@Z 1000e030 f i Match.obj
 0001:0000d0c0       ??$_Move_backward_opt@PAVEnregistrementTV@@PAV1@Urandom_access_iterator_tag@std@@U_Undefined_move_tag@3@@std@@YAPAVEnregistrementTV@@PAV1@00Urandom_access_iterator_tag@0@U_Undefined_move_tag@0@U_Range_checked_iterator_tag@0@@Z 1000e0c0 f i Match.obj
 0001:0000d110       ??$unchecked_uninitialized_copy@PAVEnregistrementTV@@PAV1@V?$allocator@VEnregistrementTV@@@std@@@stdext@@YAPAVEnregistrementTV@@PAV1@00AAV?$allocator@VEnregistrementTV@@@std@@@Z 1000e110 f i Match.obj
 0001:0000d140       ?timerRetag@@YAXABV?$basic_string@DU?$char_traits@D@std@@V?$allocator@D@2@@std@@@Z 1000e140 f   Match.obj
 0001:0000d170       ?_Destroy@?$vector@VEnregistrementTV@@V?$allocator@VEnregistrementTV@@@std@@@std@@IAEXPAVEnregistrementTV@@0@Z 1000e170 f i Match.obj
 0001:0000d190       ??$unchecked_uninitialized_fill_n@PAVEnregistrementTV@@IV1@V?$allocator@VEnregistrementTV@@@std@@@stdext@@YAXPAVEnregistrementTV@@IABV1@AAV?$allocator@VEnregistrementTV@@@std@@@Z 1000e190 f i Match.obj
 0001:0000d1c0       ??$_Unchecked_move_backward@PAVEnregistrementTV@@PAV1@@stdext@@YAPAVEnregistrementTV@@PAV1@00@Z 1000e1c0 f i Match.obj
 0001:0000d210       ??$_Uninit_move@PAVEnregistrementTV@@PAV1@V?$allocator@VEnregistrementTV@@@std@@U_Undefined_move_tag@3@@std@@YAPAVEnregistrementTV@@PAV1@00AAV?$allocator@VEnregistrementTV@@@0@U_Undefined_move_tag@0@U_Range_checked_iterator_tag@0@@Z 1000e210 f i Match.obj
 0001:0000d230       ?erase@?$vector@VEnregistrementTV@@V?$allocator@VEnregistrementTV@@@std@@@std@@QAE?AV?$_Vector_iterator@VEnregistrementTV@@V?$allocator@VEnregistrementTV@@@std@@@2@V32@0@Z 1000e230 f i Match.obj
 0001:0000d290       ?_Tidy@?$vector@VEnregistrementTV@@V?$allocator@VEnregistrementTV@@@std@@@std@@IAEXXZ 1000e290 f i Match.obj
 0001:0000d2d0       ?_Ufill@?$vector@VEnregistrementTV@@V?$allocator@VEnregistrementTV@@@std@@@std@@IAEPAVEnregistrementTV@@PAV3@IABV3@@Z 1000e2d0 f i Match.obj
 0001:0000d310       ??$_Unchecked_uninitialized_move@PAVEnregistrementTV@@PAV1@V?$allocator@VEnregistrementTV@@@std@@@stdext@@YAPAVEnregistrementTV@@PAV1@00AAV?$allocator@VEnregistrementTV@@@std@@@Z 1000e310 f i Match.obj
 0001:0000d340       ??1?$vector@VEnregistrementTV@@V?$allocator@VEnregistrementTV@@@std@@@std@@QAE@XZ 1000e340 f i Match.obj
 0001:0000d380       ?clear@?$vector@VEnregistrementTV@@V?$allocator@VEnregistrementTV@@@std@@@std@@QAEXXZ 1000e380 f i Match.obj
 0001:0000d3c0       ??$_Umove@PAVEnregistrementTV@@@?$vector@VEnregistrementTV@@V?$allocator@VEnregistrementTV@@@std@@@std@@IAEPAVEnregistrementTV@@PAV2@00@Z 1000e3c0 f i Match.obj
 0001:0000d3f0       ??0Match@@QAE@XZ           1000e3f0 f   Match.obj
 0001:0000d560       ??1Match@@QAE@XZ           1000e560 f   Match.obj
 0001:0000d630       ?reset@Match@@AAEXXZ       1000e630 f   Match.obj
 0001:0000d770       ?finMatch@Match@@QAEXPAUedict_t@@@Z 1000e770 f   Match.obj
 0001:0000dc90       ?afficheScores@Match@@QAEXXZ 1000ec90 f   Match.obj
 0001:0000dec0       ?_Insert_n@?$vector@VEnregistrementTV@@V?$allocator@VEnregistrementTV@@@std@@@std@@IAEXV?$_Vector_iterator@VEnregistrementTV@@V?$allocator@VEnregistrementTV@@@std@@@2@IABVEnregistrementTV@@@Z 1000eec0 f i Match.obj
 0001:0000e170       ?insert@?$vector@VEnregistrementTV@@V?$allocator@VEnregistrementTV@@@std@@@std@@QAE?AV?$_Vector_iterator@VEnregistrementTV@@V?$allocator@VEnregistrementTV@@@std@@@2@V32@ABVEnregistrementTV@@@Z 1000f170 f i Match.obj
 0001:0000e200       ?push_back@?$vector@VEnregistrementTV@@V?$allocator@VEnregistrementTV@@@std@@@std@@QAEXABVEnregistrementTV@@@Z 1000f200 f i Match.obj
 0001:0000e290       ?lanceManche@Match@@QAEXXZ 1000f290 f   Match.obj
 0001:0000e5c0       ?timerLanceManche@@YAXABV?$basic_string@DU?$char_traits@D@std@@V?$allocator@D@2@@std@@@Z 1000f5c0 f   Match.obj
 0001:0000e5e0       ?finStratsTime@Match@@QAEXXZ 1000f5e0 f   Match.obj
 0001:0000e6b0       ?timerFinStrats@@YAXABV?$basic_string@DU?$char_traits@D@std@@V?$allocator@D@2@@std@@@Z 1000f6b0 f   Match.obj
 0001:0000e6d0       ?timerChronoStrats@@YAXABV?$basic_string@DU?$char_traits@D@std@@V?$allocator@D@2@@std@@@Z 1000f6d0 f   Match.obj
 0001:0000e770       ?lanceStratsTime@Match@@QAEXXZ 1000f770 f   Match.obj
 0001:0000e8f0       ?timerLanceStrats@@YAXABV?$basic_string@DU?$char_traits@D@std@@V?$allocator@D@2@@std@@@Z 1000f8f0 f   Match.obj
 0001:0000e910       ?lanceMatch@Match@@QAEXPAVConfiguration@@PAUedict_t@@@Z 1000f910 f   Match.obj
 0001:0000efc0       ?finCutRound@Match@@QAEXW4CodeTeam@@@Z 1000ffc0 f   Match.obj
 0001:0000f400       ?finManche@Match@@QAEXXZ   10010400 f   Match.obj
 0001:0000fc40       ?getNomFichier@Configuration@@QBEABV?$basic_string@DU?$char_traits@D@std@@V?$allocator@D@2@@std@@XZ 10010c40 f   Configuration.obj
 0001:0000fc50       ??0CSSMatchConfigurationException@@QAE@ABV?$basic_string@DU?$char_traits@D@std@@V?$allocator@D@2@@std@@@Z 10010c50 f i Configuration.obj
 0001:0000fcc0       ?what@CSSMatchConfigurationException@@UBEPBDXZ 10010cc0 f i Configuration.obj
 0001:0000fcd0       ??1CSSMatchConfigurationException@@UAE@XZ 10010cd0 f i Configuration.obj
 0001:0000fd10       ??_GCSSMatchConfigurationException@@UAEPAXI@Z 10010d10 f i Configuration.obj
 0001:0000fd10       ??_ECSSMatchConfigurationException@@UAEPAXI@Z 10010d10 f i Configuration.obj
 0001:0000fd60       ??0Configuration@@QAE@ABV?$basic_string@DU?$char_traits@D@std@@V?$allocator@D@2@@std@@@Z 10010d60 f   Configuration.obj
 0001:0000fdc0       ?execute@Configuration@@QBEXXZ 10010dc0 f   Configuration.obj
 0001:0000ff50       ??0CSSMatchConfigurationException@@QAE@ABV0@@Z 10010f50 f i Configuration.obj
 0001:0000ffd0       ??1IGameEventListener2@@UAE@XZ 10010fd0 f i CSSMatch.obj
 0001:0000ffe0       ??_EIGameEventListener2@@UAEPAXI@Z 10010fe0 f i CSSMatch.obj
 0001:0000ffe0       ??_GIGameEventListener2@@UAEPAXI@Z 10010fe0 f i CSSMatch.obj
 0001:00010000       ??0IServerPluginCallbacks@@QAE@XZ 10011000 f i CSSMatch.obj
 0001:00010010       ??1EventListener@@UAE@XZ   10011010 f i CSSMatch.obj
 0001:00010020       ??0IGameEventListener2@@QAE@XZ 10011020 f i CSSMatch.obj
 0001:00010030       ?Pause@CSSMatch@@UAEXXZ    10011030 f   CSSMatch.obj
 0001:00010040       ?UnPause@CSSMatch@@UAEXXZ  10011040 f   CSSMatch.obj
 0001:00010050       ?GetPluginDescription@CSSMatch@@UAEPBDXZ 10011050 f   CSSMatch.obj
 0001:00010060       ?ServerActivate@CSSMatch@@UAEXPAUedict_t@@HH@Z 10011060 f   CSSMatch.obj
 0001:00010080       ?GameFrame@CSSMatch@@UAEX_N@Z 10011080 f   CSSMatch.obj
 0001:000100b0       ?LevelShutdown@CSSMatch@@UAEXXZ 100110b0 f   CSSMatch.obj
 0001:000100c0       ?ClientActive@CSSMatch@@UAEXPAUedict_t@@@Z 100110c0 f   CSSMatch.obj
 0001:000100d0       ?ClientDisconnect@CSSMatch@@UAEXPAUedict_t@@@Z 100110d0 f   CSSMatch.obj
 0001:000100e0       ?SetCommandClient@CSSMatch@@UAEXH@Z 100110e0 f   CSSMatch.obj
 0001:000100f0       ?ClientSettingsChanged@CSSMatch@@UAEXPAUedict_t@@@Z 100110f0 f   CSSMatch.obj
 0001:00010100       ?ClientConnect@CSSMatch@@UAE?AW4PLUGIN_RESULT@@PA_NPAUedict_t@@PBD2PADH@Z 10011100 f   CSSMatch.obj
 0001:00010150       ?NetworkIDValidated@CSSMatch@@UAE?AW4PLUGIN_RESULT@@PBD0@Z 10011150 f   CSSMatch.obj
 0001:00010160       ?GetCommandIndex@CSSMatch@@QAEHXZ 10011160 f   CSSMatch.obj
 0001:00010170       ?getAdminList@CSSMatch@@QAEPAVAuthentification@@XZ 10011170 f   CSSMatch.obj
 0001:00010180       ?getMatch@CSSMatch@@QAEPAVMatch@@XZ 10011180 f   CSSMatch.obj
 0001:00010190       ?getTimers@CSSMatch@@QAEPAVGestionTimers@@XZ 10011190 f   CSSMatch.obj
 0001:000101a0       ??1SayHook@@UAE@XZ         100111a0 f i CSSMatch.obj
 0001:000101b0       ??1SayTeamHook@@UAE@XZ     100111b0 f i CSSMatch.obj
 0001:000101c0       ??0?$allocator@V?$basic_string@DU?$char_traits@D@std@@V?$allocator@D@2@@std@@@std@@QAE@XZ 100111c0 f i CSSMatch.obj
 0001:000101d0       ??0?$allocator@V?$basic_string@DU?$char_traits@D@std@@V?$allocator@D@2@@std@@@std@@QAE@ABV01@@Z 100111d0 f i CSSMatch.obj
 0001:000101e0       ?deallocate@?$allocator@V?$basic_string@DU?$char_traits@D@std@@V?$allocator@D@2@@std@@@std@@QAEXPAV?$basic_string@DU?$char_traits@D@std@@V?$allocator@D@2@@2@I@Z 100111e0 f i CSSMatch.obj
 0001:000101f0       ?max_size@?$allocator@V?$basic_string@DU?$char_traits@D@std@@V?$allocator@D@2@@std@@@std@@QBEIXZ 100111f0 f i CSSMatch.obj
 0001:00010200       ??$_Allocate@V?$basic_string@DU?$char_traits@D@std@@V?$allocator@D@2@@std@@@std@@YAPAV?$basic_string@DU?$char_traits@D@std@@V?$allocator@D@2@@0@IPAV10@@Z 10011200 f i CSSMatch.obj
 0001:00010270       ??$_Ptr_cat@PAV?$basic_string@DU?$char_traits@D@std@@V?$allocator@D@2@@std@@PAV12@@std@@YA?AU_Nonscalar_ptr_iterator_tag@0@AAPAV?$basic_string@DU?$char_traits@D@std@@V?$allocator@D@2@@0@0@Z 10011270 f i CSSMatch.obj
 0001:00010280       ??0EventListener@@QAE@XZ   10011280 f i CSSMatch.obj
 0001:00010290       ??_EEventListener@@UAEPAXI@Z 10011290 f i CSSMatch.obj
 0001:00010290       ??_GEventListener@@UAEPAXI@Z 10011290 f i CSSMatch.obj
 0001:000102b0       ??0?$_Vector_val@V?$basic_string@DU?$char_traits@D@std@@V?$allocator@D@2@@std@@V?$allocator@V?$basic_string@DU?$char_traits@D@std@@V?$allocator@D@2@@std@@@2@@std@@IAE@V?$allocator@V?$basic_string@DU?$char_traits@D@std@@V?$allocator@D@2@@std@@@1@@Z 100112b0 f i CSSMatch.obj
 0001:000102c0       ?max_size@?$vector@V?$basic_string@DU?$char_traits@D@std@@V?$allocator@D@2@@std@@V?$allocator@V?$basic_string@DU?$char_traits@D@std@@V?$allocator@D@2@@std@@@2@@std@@QBEIXZ 100112c0 f i CSSMatch.obj
 0001:000102d0       ?allocate@?$allocator@V?$basic_string@DU?$char_traits@D@std@@V?$allocator@D@2@@std@@@std@@QAEPAV?$basic_string@DU?$char_traits@D@std@@V?$allocator@D@2@@2@I@Z 100112d0 f i CSSMatch.obj
 0001:000102f0       ??_G?$basic_string@DU?$char_traits@D@std@@V?$allocator@D@2@@std@@QAEPAXI@Z 100112f0 f i CSSMatch.obj
 0001:00010330       ??1PlayerProp@@QAE@XZ      10011330 f i CSSMatch.obj
 0001:00010380       ??$_Destroy@V?$basic_string@DU?$char_traits@D@std@@V?$allocator@D@2@@std@@@std@@YAXPAV?$basic_string@DU?$char_traits@D@std@@V?$allocator@D@2@@0@@Z 10011380 f i CSSMatch.obj
 0001:000103b0       ?destroy@?$allocator@V?$basic_string@DU?$char_traits@D@std@@V?$allocator@D@2@@std@@@std@@QAEXPAV?$basic_string@DU?$char_traits@D@std@@V?$allocator@D@2@@2@@Z 100113b0 f i CSSMatch.obj
 0001:000103e0       ?_Xlen@?$vector@V?$basic_string@DU?$char_traits@D@std@@V?$allocator@D@2@@std@@V?$allocator@V?$basic_string@DU?$char_traits@D@std@@V?$allocator@D@2@@std@@@2@@std@@KAXXZ 100113e0 f i CSSMatch.obj
 0001:00010460       ??$_Destroy_range@V?$basic_string@DU?$char_traits@D@std@@V?$allocator@D@2@@std@@V?$allocator@V?$basic_string@DU?$char_traits@D@std@@V?$allocator@D@2@@std@@@2@@std@@YAXPAV?$basic_string@DU?$char_traits@D@std@@V?$allocator@D@2@@0@0AAV?$allocator@V?$basic_string@DU?$char_traits@D@std@@V?$allocator@D@2@@std@@@0@U_Nonscalar_ptr_iterator_tag@0@@Z 10011460 f i CSSMatch.obj
 0001:000104a0       ??4PlayerProp@@QAEAAV0@ABV0@@Z 100114a0 f i CSSMatch.obj
[...]
 0001:00067079       __unwindfunclet$?Init@SayHook@@UAEXXZ$1 10068079 f   SayHook.obj
 0001:00067081       __unwindfunclet$?Init@SayHook@@UAEXXZ$2 10068081 f   SayHook.obj
 0001:00067089       __ehhandler$?Init@SayHook@@UAEXXZ 10068089 f   SayHook.obj
 0001:000670b0       __unwindfunclet$?cmdCssmatch@SayHook@@SAXHAAV?$basic_istringstream@DU?$char_traits@D@std@@V?$allocator@D@2@@std@@@Z$0 100680b0 f   SayHook.obj
 0001:000670b8       __unwindfunclet$?cmdCssmatch@SayHook@@SAXHAAV?$basic_istringstream@DU?$char_traits@D@std@@V?$allocator@D@2@@std@@@Z$1 100680b8 f   SayHook.obj
 0001:000670c0       __unwindfunclet$?cmdCssmatch@SayHook@@SAXHAAV?$basic_istringstream@DU?$char_traits@D@std@@V?$allocator@D@2@@std@@@Z$2 100680c0 f   SayHook.obj
 0001:000670c8       __unwindfunclet$?cmdCssmatch@SayHook@@SAXHAAV?$basic_istringstream@DU?$char_traits@D@std@@V?$allocator@D@2@@std@@@Z$3 100680c8 f   SayHook.obj
 0001:000670d0       __ehhandler$?cmdCssmatch@SayHook@@SAXHAAV?$basic_istringstream@DU?$char_traits@D@std@@V?$allocator@D@2@@std@@@Z 100680d0 f   SayHook.obj
 0001:00067100       __unwindfunclet$?cmdTeamt@SayHook@@SAXHAAV?$basic_istringstream@DU?$char_traits@D@std@@V?$allocator@D@2@@std@@@Z$0 10068100 f   SayHook.obj
 0001:00067108       __unwindfunclet$?cmdTeamt@SayHook@@SAXHAAV?$basic_istringstream@DU?$char_traits@D@std@@V?$allocator@D@2@@std@@@Z$1 10068108 f   SayHook.obj
 0001:00067110       __unwindfunclet$?cmdTeamt@SayHook@@SAXHAAV?$basic_istringstream@DU?$char_traits@D@std@@V?$allocator@D@2@@std@@@Z$2 10068110 f   SayHook.obj
 0001:00067118       __unwindfunclet$?cmdTeamt@SayHook@@SAXHAAV?$basic_istringstream@DU?$char_traits@D@std@@V?$allocator@D@2@@std@@@Z$3 10068118 f   SayHook.obj
 0001:00067120       __unwindfunclet$?cmdTeamt@SayHook@@SAXHAAV?$basic_istringstream@DU?$char_traits@D@std@@V?$allocator@D@2@@std@@@Z$4 10068120 f   SayHook.obj
 0001:00067128       __unwindfunclet$?cmdTeamt@SayHook@@SAXHAAV?$basic_istringstream@DU?$char_traits@D@std@@V?$allocator@D@2@@std@@@Z$5 10068128 f   SayHook.obj
 0001:00067130       __ehhandler$?cmdTeamt@SayHook@@SAXHAAV?$basic_istringstream@DU?$char_traits@D@std@@V?$allocator@D@2@@std@@@Z 10068130 f   SayHook.obj
 0001:00067160       __unwindfunclet$?cmdTeamct@SayHook@@SAXHAAV?$basic_istringstream@DU?$char_traits@D@std@@V?$allocator@D@2@@std@@@Z$0 10068160 f   SayHook.obj
 0001:00067168       __unwindfunclet$?cmdTeamct@SayHook@@SAXHAAV?$basic_istringstream@DU?$char_traits@D@std@@V?$allocator@D@2@@std@@@Z$1 10068168 f   SayHook.obj
 0001:00067170       __unwindfunclet$?cmdTeamct@SayHook@@SAXHAAV?$basic_istringstream@DU?$char_traits@D@std@@V?$allocator@D@2@@std@@@Z$2 10068170 f   SayHook.obj
 0001:00067178       __unwindfunclet$?cmdTeamct@SayHook@@SAXHAAV?$basic_istringstream@DU?$char_traits@D@std@@V?$allocator@D@2@@std@@@Z$3 10068178 f   SayHook.obj
 0001:00067180       __unwindfunclet$?cmdTeamct@SayHook@@SAXHAAV?$basic_istringstream@DU?$char_traits@D@std@@V?$allocator@D@2@@std@@@Z$4 10068180 f   SayHook.obj
 0001:00067188       __unwindfunclet$?cmdTeamct@SayHook@@SAXHAAV?$basic_istringstream@DU?$char_traits@D@std@@V?$allocator@D@2@@std@@@Z$5 10068188 f   SayHook.obj
 0001:00067190       __ehhandler$?cmdTeamct@SayHook@@SAXHAAV?$basic_istringstream@DU?$char_traits@D@std@@V?$allocator@D@2@@std@@@Z 10068190 f   SayHook.obj
 0001:000671c0       __unwindfunclet$?cmdTeam@SayHook@@SAXHAAV?$basic_istringstream@DU?$char_traits@D@std@@V?$allocator@D@2@@std@@W4CodeTeam@@@Z$0 100681c0 f   SayHook.obj
 0001:000671c8       __unwindfunclet$?cmdTeam@SayHook@@SAXHAAV?$basic_istringstream@DU?$char_traits@D@std@@V?$allocator@D@2@@std@@W4CodeTeam@@@Z$1 100681c8 f   SayHook.obj
 0001:000671d0       __unwindfunclet$?cmdTeam@SayHook@@SAXHAAV?$basic_istringstream@DU?$char_traits@D@std@@V?$allocator@D@2@@std@@W4CodeTeam@@@Z$3 100681d0 f   SayHook.obj
 0001:000671d8       __unwindfunclet$?cmdTeam@SayHook@@SAXHAAV?$basic_istringstream@DU?$char_traits@D@std@@V?$allocator@D@2@@std@@W4CodeTeam@@@Z$2 100681d8 f   SayHook.obj
 0001:000671e0       __unwindfunclet$?cmdTeam@SayHook@@SAXHAAV?$basic_istringstream@DU?$char_traits@D@std@@V?$allocator@D@2@@std@@W4CodeTeam@@@Z$4 100681e0 f   SayHook.obj
 0001:000671e8       __unwindfunclet$?cmdTeam@SayHook@@SAXHAAV?$basic_istringstream@DU?$char_traits@D@std@@V?$allocator@D@2@@std@@W4CodeTeam@@@Z$5 100681e8 f   SayHook.obj
 0001:000671f0       __unwindfunclet$?cmdTeam@SayHook@@SAXHAAV?$basic_istringstream@DU?$char_traits@D@std@@V?$allocator@D@2@@std@@W4CodeTeam@@@Z$6 100681f0 f   SayHook.obj
 0001:000671f8       __ehhandler$?cmdTeam@SayHook@@SAXHAAV?$basic_istringstream@DU?$char_traits@D@std@@V?$allocator@D@2@@std@@W4CodeTeam@@@Z 100681f8 f   SayHook.obj
 0001:00067220       __unwindfunclet$?Dispatch@SayHook@@UAEXXZ$2 10068220 f   SayHook.obj
 0001:00067228       __unwindfunclet$?Dispatch@SayHook@@UAEXXZ$3 10068228 f   SayHook.obj
 0001:00067233       __unwindfunclet$?Dispatch@SayHook@@UAEXXZ$4 10068233 f   SayHook.obj
 0001:0006723b       __unwindfunclet$?Dispatch@SayHook@@UAEXXZ$5 1006823b f   SayHook.obj
 0001:00067243       __ehhandler$?Dispatch@SayHook@@UAEXXZ 10068243 f   SayHook.obj
 0001:00067270       __unwindfunclet$?Init@SayTeamHook@@UAEXXZ$0 10068270 f   SayTeamHook.obj
 0001:00067289       __unwindfunclet$?Init@SayTeamHook@@UAEXXZ$1 10068289 f   SayTeamHook.obj
 0001:00067291       __unwindfunclet$?Init@SayTeamHook@@UAEXXZ$2 10068291 f   SayTeamHook.obj
 0001:00067299       __ehhandler$?Init@SayTeamHook@@UAEXXZ 10068299 f   SayTeamHook.obj
 0001:000672c0       __unwindfunclet$?Dispatch@SayTeamHook@@UAEXXZ$2 100682c0 f   SayTeamHook.obj
 0001:000672c8       __unwindfunclet$?Dispatch@SayTeamHook@@UAEXXZ$3 100682c8 f   SayTeamHook.obj
 0001:000672d3       __unwindfunclet$?Dispatch@SayTeamHook@@UAEXXZ$4 100682d3 f   SayTeamHook.obj
 0001:000672db       __unwindfunclet$?Dispatch@SayTeamHook@@UAEXXZ$5 100682db f   SayTeamHook.obj
 0001:000672e3       __ehhandler$?Dispatch@SayTeamHook@@UAEXXZ 100682e3 f   SayTeamHook.obj
 0001:00067310       __unwindfunclet$?getClasseOffet@PlayerProp@@AAEXXZ$0 10068310 f   PlayerProp.obj
 0001:0006731b       __unwindfunclet$?getClasseOffet@PlayerProp@@AAEXXZ$1 1006831b f   PlayerProp.obj
 0001:00067323       __unwindfunclet$?getClasseOffet@PlayerProp@@AAEXXZ$2 10068323 f   PlayerProp.obj
 0001:0006732b       __unwindfunclet$?getClasseOffet@PlayerProp@@AAEXXZ$3 1006832b f   PlayerProp.obj
 0001:00067333       __unwindfunclet$?getClasseOffet@PlayerProp@@AAEXXZ$4 10068333 f   PlayerProp.obj
 0001:0006733b       __ehhandler$?getClasseOffet@PlayerProp@@AAEXXZ 1006833b f   PlayerProp.obj
 0001:00067360       __unwindfunclet$??0PlayerProp@@QAE@ABV?$basic_string@DU?$char_traits@D@std@@V?$allocator@D@2@@std@@0@Z$2 10068360 f   PlayerProp.obj
 0001:00067368       __unwindfunclet$??0PlayerProp@@QAE@ABV?$basic_string@DU?$char_traits@D@std@@V?$allocator@D@2@@std@@0@Z$3 10068368 f   PlayerProp.obj
 0001:00067373       __unwindfunclet$??0PlayerProp@@QAE@ABV?$basic_string@DU?$char_traits@D@std@@V?$allocator@D@2@@std@@0@Z$4 10068373 f   PlayerProp.obj
 0001:0006737b       __ehhandler$??0PlayerProp@@QAE@ABV?$basic_string@DU?$char_traits@D@std@@V?$allocator@D@2@@std@@0@Z 1006837b f   PlayerProp.obj
 0001:000673a0       __unwindfunclet$??1ConVar@@UAE@XZ$0 100683a0 f   tier1:convar.obj
 0001:000673a8       __ehhandler$??1ConVar@@UAE@XZ 100683a8 f   tier1:convar.obj
 0001:000673d0       __unwindfunclet$??0ConCommand@@QAE@PBDP6AXXZ0HP6AH0QAY0EA@D@Z@Z$0 100683d0 f   tier1:convar.obj
 0001:000673d8       __ehhandler$??0ConCommand@@QAE@PBDP6AXXZ0HP6AH0QAY0EA@D@Z@Z 100683d8 f   tier1:convar.obj
 0001:00067400       __unwindfunclet$??0ConVar@@QAE@PBD0H@Z$0 10068400 f   tier1:convar.obj
 0001:00067408       __ehhandler$??0ConVar@@QAE@PBD0H@Z 10068408 f   tier1:convar.obj
 0001:00067430       __unwindfunclet$??0ConVar@@QAE@PBD0H0@Z$0 10068430 f   tier1:convar.obj
 0001:00067438       __ehhandler$??0ConVar@@QAE@PBD0H0@Z 10068438 f   tier1:convar.obj
 0001:00067460       __unwindfunclet$??0ConVar@@QAE@PBD0H0_NM1M@Z$0 10068460 f   tier1:convar.obj
 0001:00067468       __ehhandler$??0ConVar@@QAE@PBD0H0_NM1M@Z 10068468 f   tier1:convar.obj
 0001:00067490       __unwindfunclet$??0ConVar@@QAE@PBD0H0P6AXPAV0@0@Z@Z$0 10068490 f   tier1:convar.obj
 0001:00067498       __ehhandler$??0ConVar@@QAE@PBD0H0P6AXPAV0@0@Z@Z 10068498 f   tier1:convar.obj
 0001:000674c0       __unwindfunclet$??0ConVar@@QAE@PBD0H0_NM1MP6AXPAV0@0@Z@Z$0 100684c0 f   tier1:convar.obj
 0001:000674c8       __ehhandler$??0ConVar@@QAE@PBD0H0_NM1MP6AXPAV0@0@Z@Z 100684c8 f   tier1:convar.obj
 0001:000674e3       __ehhandler$?CallUnexpected@@YAXPBU_s_ESTypeList@@@Z 100684e3 f   LIBCMT:frame.obj
 0001:000674fe       __unwindfunclet$?_Locimp_dtor@_Locimp@locale@std@@CAXPAV123@@Z$0 100684fe f   libcpmt:locale0.obj
 0001:00067506       __ehhandler$?_Locimp_dtor@_Locimp@locale@std@@CAXPAV123@@Z 10068506 f   libcpmt:locale0.obj
 0001:00067521       __unwindfunclet$??0_Locimp@locale@std@@AAE@_N@Z$0 10068521 f   libcpmt:locale0.obj
 0001:00067529       __ehhandler$??0_Locimp@locale@std@@AAE@_N@Z 10068529 f   libcpmt:locale0.obj
 0001:00067544       __unwindfunclet$??1_Locimp@locale@std@@MAE@XZ$0 10068544 f   libcpmt:locale0.obj
 0001:0006754c       __unwindfunclet$??1_Locimp@locale@std@@MAE@XZ$1 1006854c f   libcpmt:locale0.obj
 0001:00067557       __ehhandler$??1_Locimp@locale@std@@MAE@XZ 10068557 f   libcpmt:locale0.obj
 0001:00067572       __unwindfunclet$?_Init@locale@std@@CAPAV_Locimp@12@XZ$0 10068572 f   libcpmt:locale0.obj
 0001:0006757a       __unwindfunclet$?_Init@locale@std@@CAPAV_Locimp@12@XZ$1 1006857a f   libcpmt:locale0.obj
 0001:00067584       __ehhandler$?_Init@locale@std@@CAPAV_Locimp@12@XZ 10068584 f   libcpmt:locale0.obj
 0001:0006759f       __unwindfunclet$?empty@locale@std@@SA?AV12@XZ$0 1006859f f   libcpmt:locale0.obj
 0001:000675a9       __ehhandler$?empty@locale@std@@SA?AV12@XZ 100685a9 f   libcpmt:locale0.obj
 0001:000675c4       __unwindfunclet$?_Xlen@_String_base@std@@SAXXZ$0 100685c4 f   libcpmt:string.obj
 0001:000675cc       __ehhandler$?_Xlen@_String_base@std@@SAXXZ 100685cc f   libcpmt:string.obj
 0001:000675e7       __unwindfunclet$?_Xran@_String_base@std@@SAXXZ$0 100685e7 f   libcpmt:string.obj
 0001:000675ef       __ehhandler$?_Xran@_String_base@std@@SAXXZ 100685ef f   libcpmt:string.obj
 0001:0006760a       __unwindfunclet$?_Xinvarg@_String_base@std@@SAXXZ$0 1006860a f   libcpmt:string.obj
 0001:00067612       __ehhandler$?_Xinvarg@_String_base@std@@SAXXZ 10068612 f   libcpmt:string.obj
 0001:00067630       ??__E__g_CreateCSSMatchIServerPluginCallbacks_reg@@YAXXZ 10068630 f   CSSMatch.obj
 0001:00067650       ??__Eg_sayHook@@YAXXZ      10068650 f   CSSMatch.obj
 0001:00067670       ??__Eg_sayTeamHook@@YAXXZ  10068670 f   CSSMatch.obj
 0001:00067690       ??__E?cssmatch_version@ConVars@@2VConVar@@A@@YAXXZ 10068690 f   ConVars.obj
 0001:000676c0       ??__E?cssmatch_advanced@ConVars@@2VConVar@@A@@YAXXZ 100686c0 f   ConVars.obj
 0001:00067700       ??__E?cssmatch_cutround@ConVars@@2VConVar@@A@@YAXXZ 10068700 f   ConVars.obj
 0001:00067740       ??__E?cssmatch_cutround_allows_c4@ConVars@@2VConVar@@A@@YAXXZ 10068740 f   ConVars.obj
 0001:00067780       ??__E?cssmatch_end_cutround@ConVars@@2VConVar@@A@@YAXXZ 10068780 f   ConVars.obj
 0001:000677c0       ??__E?cssmatch_rounds@ConVars@@2VConVar@@A@@YAXXZ 100687c0 f   ConVars.obj
 0001:00067800       ??__E?cssmatch_manches@ConVars@@2VConVar@@A@@YAXXZ 10068800 f   ConVars.obj
 0001:00067840       ??__E?cssmatch_end_manche@ConVars@@2VConVar@@A@@YAXXZ 10068840 f   ConVars.obj
 0001:00067880       ??__E?cssmatch_sourcetv@ConVars@@2VConVar@@A@@YAXXZ 10068880 f   ConVars.obj
 0001:000678c0       ??__E?cssmatch_sourcetv_path@ConVars@@2VConVar@@A@@YAXXZ 100688c0 f   ConVars.obj
 0001:000678f0       ??__E?cssmatch_strats_time@ConVars@@2VConVar@@A@@YAXXZ 100688f0 f   ConVars.obj
 0001:00067930       ??__E?cssmatch_hostname@ConVars@@2VConVar@@A@@YAXXZ 10068930 f   ConVars.obj
 0001:00067960       ??__E?cssmatch_password@ConVars@@2VConVar@@A@@YAXXZ 10068960 f   ConVars.obj
 0001:00067990       ??__E?cssmatch_default_config@ConVars@@2VConVar@@A@@YAXXZ 10068990 f   ConVars.obj
 0001:000679c0       ??__E?retour@Menu@@0VLigne@@B@@YAXXZ 100689c0 f   Menu.obj
 0001:00067a60       ??__E?suivant@Menu@@0VLigne@@B@@YAXXZ 10068a60 f   Menu.obj
 0001:00067b00       ??__E?cutround_question@GestionMenus@@2VMenu@@A@@YAXXZ 10068b00 f   GestionMenus.obj
 0001:00067b20       ??__E?strats_question@GestionMenus@@2VMenu@@A@@YAXXZ 10068b20 f   GestionMenus.obj
 0001:00067b40       ??__E?phase_off@GestionMenus@@2VMenu@@A@@YAXXZ 10068b40 f   GestionMenus.obj
 0001:00067b60       ??__E?phase_cutround@GestionMenus@@2VMenu@@A@@YAXXZ 10068b60 f   GestionMenus.obj
 0001:00067b80       ??__E?phase_strats@GestionMenus@@2VMenu@@A@@YAXXZ 10068b80 f   GestionMenus.obj
 0001:00067ba0       ??__E?phase_match@GestionMenus@@2VMenu@@A@@YAXXZ 10068ba0 f   GestionMenus.obj
 0001:00067bc0       ??__E?configurations@GestionMenus@@2VMenu@@A@@YAXXZ 10068bc0 f   GestionMenus.obj
 0001:00067be0       ??__E?administration@GestionMenus@@2VMenu@@A@@YAXXZ 10068be0 f   GestionMenus.obj
 0001:00067c00       ??__E?admin_changelevel@GestionMenus@@2VMenu@@A@@YAXXZ 10068c00 f   GestionMenus.obj
 0001:00067c20       ??__E?admin_swap@GestionMenus@@2VMenu@@A@@YAXXZ 10068c20 f   GestionMenus.obj
 0001:00067c40       ??__E?admin_spec@GestionMenus@@2VMenu@@A@@YAXXZ 10068c40 f   GestionMenus.obj
 0001:00067c60       ??__E?admin_kick@GestionMenus@@2VMenu@@A@@YAXXZ 10068c60 f   GestionMenus.obj
 0001:00067c80       ??__E?admin_ban@GestionMenus@@2VMenu@@A@@YAXXZ 10068c80 f   GestionMenus.obj
 0001:00067ca0       ??__E?admin_ban_time@GestionMenus@@2VMenu@@A@@YAXXZ 10068ca0 f   GestionMenus.obj
 0001:00067cc0       ??__Ecssm_help_command@@YAXXZ 10068cc0 f   ConCommands.obj
 0001:00067cf0       ??__Ecssm_start_command@@YAXXZ 10068cf0 f   ConCommands.obj
 0001:00067d20       ??__Ecssm_stop_command@@YAXXZ 10068d20 f   ConCommands.obj
 0001:00067d50       ??__Ecssm_retag_command@@YAXXZ 10068d50 f   ConCommands.obj
 0001:00067d80       ??__Ecssm_go_command@@YAXXZ 10068d80 f   ConCommands.obj
 0001:00067db0       ??__Ecssm_restartmanche_command@@YAXXZ 10068db0 f   ConCommands.obj
 0001:00067de0       ??__Ecssm_restartround_command@@YAXXZ 10068de0 f   ConCommands.obj
 0001:00067e10       ??__Ecssm_grant_command@@YAXXZ 10068e10 f   ConCommands.obj
 0001:00067e40       ??__Ecssm_revoke_command@@YAXXZ 10068e40 f   ConCommands.obj
 0001:00067e70       ??__Ecssm_teamt_command@@YAXXZ 10068e70 f   ConCommands.obj
 0001:00067ea0       ??__Ecssm_teamct_command@@YAXXZ 10068ea0 f   ConCommands.obj
 0001:00067ed0       ??__Ecssm_swap_command@@YAXXZ 10068ed0 f   ConCommands.obj
 0001:00067f00       ??__Ecssm_spec_command@@YAXXZ 10068f00 f   ConCommands.obj
 0001:00067f30       ??__Eg_BitWriteMasksInit@@YAXXZ 10068f30 f   tier1:bitbuf.obj
 0001:00067f3a       ??__Einitlocks@std@@YAXXZ  10068f3a f   libcpmt:xlock.obj
 0001:00067f50       ??__Eclassic_locale@std@@YAXXZ 10068f50 f   libcpmt:locale0.obj
 0001:00067f5c       ??__Einitlocks@std@@YAXXZ  10068f5c f   libcpmt:iosptrs.obj
 0001:00067f72       ??__Einit_atexit@@YAXXZ    10068f72 f   libcpmt:iosptrs.obj
 0001:00067f80       ??__Fg_sayHook@@YAXXZ      10068f80 f   CSSMatch.obj
 0001:00067f90       ??__Fg_sayTeamHook@@YAXXZ  10068f90 f   CSSMatch.obj
 0001:00067fa0       ??__F?cssmatch_version@ConVars@@2VConVar@@A@@YAXXZ 10068fa0 f   ConVars.obj
 0001:00067fb0       ??__F?cssmatch_advanced@ConVars@@2VConVar@@A@@YAXXZ 10068fb0 f   ConVars.obj
 0001:00067fc0       ??__F?cssmatch_cutround@ConVars@@2VConVar@@A@@YAXXZ 10068fc0 f   ConVars.obj
 0001:00067fd0       ??__F?cssmatch_cutround_allows_c4@ConVars@@2VConVar@@A@@YAXXZ 10068fd0 f   ConVars.obj
 0001:00067fe0       ??__F?cssmatch_end_cutround@ConVars@@2VConVar@@A@@YAXXZ 10068fe0 f   ConVars.obj
 0001:00067ff0       ??__F?cssmatch_rounds@ConVars@@2VConVar@@A@@YAXXZ 10068ff0 f   ConVars.obj
 0001:00068000       ??__F?cssmatch_manches@ConVars@@2VConVar@@A@@YAXXZ 10069000 f   ConVars.obj
 0001:00068010       ??__F?cssmatch_end_manche@ConVars@@2VConVar@@A@@YAXXZ 10069010 f   ConVars.obj
 0001:00068020       ??__F?cssmatch_sourcetv@ConVars@@2VConVar@@A@@YAXXZ 10069020 f   ConVars.obj
 0001:00068030       ??__F?cssmatch_sourcetv_path@ConVars@@2VConVar@@A@@YAXXZ 10069030 f   ConVars.obj
 0001:00068040       ??__F?cssmatch_strats_time@ConVars@@2VConVar@@A@@YAXXZ 10069040 f   ConVars.obj
 0001:00068050       ??__F?cssmatch_hostname@ConVars@@2VConVar@@A@@YAXXZ 10069050 f   ConVars.obj
 0001:00068060       ??__F?cssmatch_password@ConVars@@2VConVar@@A@@YAXXZ 10069060 f   ConVars.obj
 0001:00068070       ??__F?cssmatch_default_config@ConVars@@2VConVar@@A@@YAXXZ 10069070 f   ConVars.obj
 0001:00068080       ??__F?suivant@Menu@@0VLigne@@B@@YAXXZ 10069080 f   Menu.obj
 0001:000680b0       ??__F?retour@Menu@@0VLigne@@B@@YAXXZ 100690b0 f   Menu.obj
 0001:000680e0       ??__F?strats_question@GestionMenus@@2VMenu@@A@@YAXXZ 100690e0 f   GestionMenus.obj
 0001:000680f0       ??__F?phase_off@GestionMenus@@2VMenu@@A@@YAXXZ 100690f0 f   GestionMenus.obj
 0001:00068100       ??__F?phase_cutround@GestionMenus@@2VMenu@@A@@YAXXZ 10069100 f   GestionMenus.obj
 0001:00068110       ??__F?phase_strats@GestionMenus@@2VMenu@@A@@YAXXZ 10069110 f   GestionMenus.obj
 0001:00068120       ??__F?phase_match@GestionMenus@@2VMenu@@A@@YAXXZ 10069120 f   GestionMenus.obj
 0001:00068130       ??__F?configurations@GestionMenus@@2VMenu@@A@@YAXXZ 10069130 f   GestionMenus.obj
 0001:00068140       ??__F?administration@GestionMenus@@2VMenu@@A@@YAXXZ 10069140 f   GestionMenus.obj
 0001:00068150       ??__F?admin_changelevel@GestionMenus@@2VMenu@@A@@YAXXZ 10069150 f   GestionMenus.obj
 0001:00068160       ??__F?admin_swap@GestionMenus@@2VMenu@@A@@YAXXZ 10069160 f   GestionMenus.obj
 0001:00068170       ??__F?admin_spec@GestionMenus@@2VMenu@@A@@YAXXZ 10069170 f   GestionMenus.obj
 0001:00068180       ??__F?admin_kick@GestionMenus@@2VMenu@@A@@YAXXZ 10069180 f   GestionMenus.obj
 0001:00068190       ??__F?admin_ban@GestionMenus@@2VMenu@@A@@YAXXZ 10069190 f   GestionMenus.obj
 0001:000681a0       ??__F?admin_ban_time@GestionMenus@@2VMenu@@A@@YAXXZ 100691a0 f   GestionMenus.obj
 0001:000681b0       ??__F?cutround_question@GestionMenus@@2VMenu@@A@@YAXXZ 100691b0 f   GestionMenus.obj
 0001:000681c0       ??__Fcssm_help_command@@YAXXZ 100691c0 f   ConCommands.obj
 0001:000681d0       ??__Fcssm_start_command@@YAXXZ 100691d0 f   ConCommands.obj
 0001:000681e0       ??__Fcssm_stop_command@@YAXXZ 100691e0 f   ConCommands.obj
 0001:000681f0       ??__Fcssm_retag_command@@YAXXZ 100691f0 f   ConCommands.obj
 0001:00068200       ??__Fcssm_go_command@@YAXXZ 10069200 f   ConCommands.obj
 0001:00068210       ??__Fcssm_restartmanche_command@@YAXXZ 10069210 f   ConCommands.obj
 0001:00068220       ??__Fcssm_restartround_command@@YAXXZ 10069220 f   ConCommands.obj
 0001:00068230       ??__Fcssm_grant_command@@YAXXZ 10069230 f   ConCommands.obj
 0001:00068240       ??__Fcssm_revoke_command@@YAXXZ 10069240 f   ConCommands.obj
 0001:00068250       ??__Fcssm_teamt_command@@YAXXZ 10069250 f   ConCommands.obj
 0001:00068260       ??__Fcssm_teamct_command@@YAXXZ 10069260 f   ConCommands.obj
 0001:00068270       ??__Fcssm_swap_command@@YAXXZ 10069270 f   ConCommands.obj
 0001:00068280       ??__Fcssm_spec_command@@YAXXZ 10069280 f   ConCommands.obj
 0001:0006828a       ??__Finitlocks@std@@YAXXZ  1006928a f   libcpmt:xlock.obj
 0001:00068294       ??__Fclassic_locale@std@@YAXXZ 10069294 f   libcpmt:locale0.obj
 0001:0006829e       ??__Finitlocks@std@@YAXXZ  1006929e f   libcpmt:iosptrs.obj
 0001:000682a8       ??__Finit_atexit@@YAXXZ    100692a8 f   libcpmt:iosptrs.obj
